Archive member included to satisfy reference by file (symbol)

C:/Program Files/STMicroelectronics/STM32Cube/STM32CubeIDE_2.1.1/STM32CubeIDE/plugins/com.st.stm32cube.ide.mcu.externaltools.gnu-tools-for-stm32.14.3.rel1.win32_1.0.100.202602081740/tools/bin/../lib/gcc/arm-none-eabi/14.3.1/../../../../arm-none-eabi/lib/thumb/v7e-m+fp/hard\libc_nano.a(libc_a-exit.o)
                              C:/Program Files/STMicroelectronics/STM32Cube/STM32CubeIDE_2.1.1/STM32CubeIDE/plugins/com.st.stm32cube.ide.mcu.externaltools.gnu-tools-for-stm32.14.3.rel1.win32_1.0.100.202602081740/tools/bin/../lib/gcc/arm-none-eabi/14.3.1/../../../../arm-none-eabi/lib/thumb/v7e-m+fp/hard/crt0.o (exit)
C:/Program Files/STMicroelectronics/STM32Cube/STM32CubeIDE_2.1.1/STM32CubeIDE/plugins/com.st.stm32cube.ide.mcu.externaltools.gnu-tools-for-stm32.14.3.rel1.win32_1.0.100.202602081740/tools/bin/../lib/gcc/arm-none-eabi/14.3.1/../../../../arm-none-eabi/lib/thumb/v7e-m+fp/hard\libc_nano.a(libc_a-findfp.o)
                              C:/Program Files/STMicroelectronics/STM32Cube/STM32CubeIDE_2.1.1/STM32CubeIDE/plugins/com.st.stm32cube.ide.mcu.externaltools.gnu-tools-for-stm32.14.3.rel1.win32_1.0.100.202602081740/tools/bin/../lib/gcc/arm-none-eabi/14.3.1/../../../../arm-none-eabi/lib/thumb/v7e-m+fp/hard\libc_nano.a(libc_a-exit.o) (__stdio_exit_handler)
C:/Program Files/STMicroelectronics/STM32Cube/STM32CubeIDE_2.1.1/STM32CubeIDE/plugins/com.st.stm32cube.ide.mcu.externaltools.gnu-tools-for-stm32.14.3.rel1.win32_1.0.100.202602081740/tools/bin/../lib/gcc/arm-none-eabi/14.3.1/../../../../arm-none-eabi/lib/thumb/v7e-m+fp/hard\libc_nano.a(libc_a-fwalk.o)
                              C:/Program Files/STMicroelectronics/STM32Cube/STM32CubeIDE_2.1.1/STM32CubeIDE/plugins/com.st.stm32cube.ide.mcu.externaltools.gnu-tools-for-stm32.14.3.rel1.win32_1.0.100.202602081740/tools/bin/../lib/gcc/arm-none-eabi/14.3.1/../../../../arm-none-eabi/lib/thumb/v7e-m+fp/hard\libc_nano.a(libc_a-findfp.o) (_fwalk_sglue)
C:/Program Files/STMicroelectronics/STM32Cube/STM32CubeIDE_2.1.1/STM32CubeIDE/plugins/com.st.stm32cube.ide.mcu.externaltools.gnu-tools-for-stm32.14.3.rel1.win32_1.0.100.202602081740/tools/bin/../lib/gcc/arm-none-eabi/14.3.1/../../../../arm-none-eabi/lib/thumb/v7e-m+fp/hard\libc_nano.a(libc_a-stdio.o)
                              C:/Program Files/STMicroelectronics/STM32Cube/STM32CubeIDE_2.1.1/STM32CubeIDE/plugins/com.st.stm32cube.ide.mcu.externaltools.gnu-tools-for-stm32.14.3.rel1.win32_1.0.100.202602081740/tools/bin/../lib/gcc/arm-none-eabi/14.3.1/../../../../arm-none-eabi/lib/thumb/v7e-m+fp/hard\libc_nano.a(libc_a-findfp.o) (__sread)
C:/Program Files/STMicroelectronics/STM32Cube/STM32CubeIDE_2.1.1/STM32CubeIDE/plugins/com.st.stm32cube.ide.mcu.externaltools.gnu-tools-for-stm32.14.3.rel1.win32_1.0.100.202602081740/tools/bin/../lib/gcc/arm-none-eabi/14.3.1/../../../../arm-none-eabi/lib/thumb/v7e-m+fp/hard\libc_nano.a(libc_a-memset.o)
                              C:/Program Files/STMicroelectronics/STM32Cube/STM32CubeIDE_2.1.1/STM32CubeIDE/plugins/com.st.stm32cube.ide.mcu.externaltools.gnu-tools-for-stm32.14.3.rel1.win32_1.0.100.202602081740/tools/bin/../lib/gcc/arm-none-eabi/14.3.1/../../../../arm-none-eabi/lib/thumb/v7e-m+fp/hard/crt0.o (memset)
C:/Program Files/STMicroelectronics/STM32Cube/STM32CubeIDE_2.1.1/STM32CubeIDE/plugins/com.st.stm32cube.ide.mcu.externaltools.gnu-tools-for-stm32.14.3.rel1.win32_1.0.100.202602081740/tools/bin/../lib/gcc/arm-none-eabi/14.3.1/../../../../arm-none-eabi/lib/thumb/v7e-m+fp/hard\libc_nano.a(libc_a-closer.o)
                              C:/Program Files/STMicroelectronics/STM32Cube/STM32CubeIDE_2.1.1/STM32CubeIDE/plugins/com.st.stm32cube.ide.mcu.externaltools.gnu-tools-for-stm32.14.3.rel1.win32_1.0.100.202602081740/tools/bin/../lib/gcc/arm-none-eabi/14.3.1/../../../../arm-none-eabi/lib/thumb/v7e-m+fp/hard\libc_nano.a(libc_a-stdio.o) (_close_r)
C:/Program Files/STMicroelectronics/STM32Cube/STM32CubeIDE_2.1.1/STM32CubeIDE/plugins/com.st.stm32cube.ide.mcu.externaltools.gnu-tools-for-stm32.14.3.rel1.win32_1.0.100.202602081740/tools/bin/../lib/gcc/arm-none-eabi/14.3.1/../../../../arm-none-eabi/lib/thumb/v7e-m+fp/hard\libc_nano.a(libc_a-reent.o)
                              C:/Program Files/STMicroelectronics/STM32Cube/STM32CubeIDE_2.1.1/STM32CubeIDE/plugins/com.st.stm32cube.ide.mcu.externaltools.gnu-tools-for-stm32.14.3.rel1.win32_1.0.100.202602081740/tools/bin/../lib/gcc/arm-none-eabi/14.3.1/../../../../arm-none-eabi/lib/thumb/v7e-m+fp/hard\libc_nano.a(libc_a-closer.o) (errno)
C:/Program Files/STMicroelectronics/STM32Cube/STM32CubeIDE_2.1.1/STM32CubeIDE/plugins/com.st.stm32cube.ide.mcu.externaltools.gnu-tools-for-stm32.14.3.rel1.win32_1.0.100.202602081740/tools/bin/../lib/gcc/arm-none-eabi/14.3.1/../../../../arm-none-eabi/lib/thumb/v7e-m+fp/hard\libc_nano.a(libc_a-impure.o)
[...]
Memory Configuration

Name             Origin             Length             Attributes
RAM              0x20000000         0x00010000         xrw
FLASH            0x08000000         0x00040000         xr
*default*        0x00000000         0xffffffff

Linker script and memory map

LOAD C:/Program Files/STMicroelectronics/STM32Cube/STM32CubeIDE_2.1.1/STM32CubeIDE/plugins/com.st.stm32cube.ide.mcu.externaltools.gnu-tools-for-stm32.14.3.rel1.win32_1.0.100.202602081740/tools/bin/../lib/gcc/arm-none-eabi/14.3.1/thumb/v7e-m+fp/hard/crti.o
LOAD C:/Program Files/STMicroelectronics/STM32Cube/STM32CubeIDE_2.1.1/STM32CubeIDE/plugins/com.st.stm32cube.ide.mcu.externaltools.gnu-tools-for-stm32.14.3.rel1.win32_1.0.100.202602081740/tools/bin/../lib/gcc/arm-none-eabi/14.3.1/thumb/v7e-m+fp/hard/crtbegin.o
LOAD C:/Program Files/STMicroelectronics/STM32Cube/STM32CubeIDE_2.1.1/STM32CubeIDE/plugins/com.st.stm32cube.ide.mcu.externaltools.gnu-tools-for-stm32.14.3.rel1.win32_1.0.100.202602081740/tools/bin/../lib/gcc/arm-none-eabi/14.3.1/../../../../arm-none-eabi/lib/thumb/v7e-m+fp/hard/crt0.o
LOAD ./Core/Src/main.o
LOAD ./Core/Src/stm32f4xx_hal_msp.o
LOAD ./Core/Src/stm32f4xx_it.o
LOAD ./Core/Src/syscalls.o
LOAD ./Core/Src/sysmem.o
LOAD ./Core/Src/system_stm32f4xx.o
LOAD ./Core/Startup/startup_stm32f401ccux.o
LOAD ./Drivers/STM32F4xx_HAL_Driver/Src/stm32f4xx_hal.o
LOAD ./Drivers/STM32F4xx_HAL_Driver/Src/stm32f4xx_hal_cortex.o
LOAD ./Drivers/STM32F4xx_HAL_Driver/Src/stm32f4xx_hal_dma.o
LOAD ./Drivers/STM32F4xx_HAL_Driver/Src/stm32f4xx_hal_dma_ex.o
LOAD ./Drivers/STM32F4xx_HAL_Driver/Src/stm32f4xx_hal_exti.o
LOAD ./Drivers/STM32F4xx_HAL_Driver/Src/stm32f4xx_hal_flash.o
LOAD ./Drivers/STM32F4xx_HAL_Driver/Src/stm32f4xx_hal_flash_ex.o
LOAD ./Drivers/STM32F4xx_HAL_Driver/Src/stm32f4xx_hal_flash_ramfunc.o
LOAD ./Drivers/STM32F4xx_HAL_Driver/Src/stm32f4xx_hal_gpio.o
LOAD ./Drivers/STM32F4xx_HAL_Driver/Src/stm32f4xx_hal_pcd.o
LOAD ./Drivers/STM32F4xx_HAL_Driver/Src/stm32f4xx_hal_pcd_ex.o
LOAD ./Drivers/STM32F4xx_HAL_Driver/Src/stm32f4xx_hal_pwr.o
LOAD ./Drivers/STM32F4xx_HAL_Driver/Src/stm32f4xx_hal_pwr_ex.o
LOAD ./Drivers/STM32F4xx_HAL_Driver/Src/stm32f4xx_hal_rcc.o
LOAD ./Drivers/STM32F4xx_HAL_Driver/Src/stm32f4xx_hal_rcc_ex.o
LOAD ./Drivers/STM32F4xx_HAL_Driver/Src/stm32f4xx_ll_usb.o
LOAD ./Middlewares/ST/STM32_USB_Device_Library/Class/CDC/Src/usbd_cdc.o
LOAD ./Middlewares/ST/STM32_USB_Device_Library/Core/Src/usbd_core.o
LOAD ./Middlewares/ST/STM32_USB_Device_Library/Core/Src/usbd_ctlreq.o
LOAD ./Middlewares/ST/STM32_USB_Device_Library/Core/Src/usbd_ioreq.o
LOAD ./USB_DEVICE/App/usb_device.o
LOAD ./USB_DEVICE/App/usbd_cdc_if.o
LOAD ./USB_DEVICE/App/usbd_desc.o
LOAD ./USB_DEVICE/Target/usbd_conf.o
START GROUP
LOAD C:/Program Files/STMicroelectronics/STM32Cube/STM32CubeIDE_2.1.1/STM32CubeIDE/plugins/com.st.stm32cube.ide.mcu.externaltools.gnu-tools-for-stm32.14.3.rel1.win32_1.0.100.202602081740/tools/bin/../lib/gcc/arm-none-eabi/14.3.1/../../../../arm-none-eabi/lib/thumb/v7e-m+fp/hard\libc_nano.a
LOAD C:/Program Files/STMicroelectronics/STM32Cube/STM32CubeIDE_2.1.1/STM32CubeIDE/plugins/com.st.stm32cube.ide.mcu.externaltools.gnu-tools-for-stm32.14.3.rel1.win32_1.0.100.202602081740/tools/bin/../lib/gcc/arm-none-eabi/14.3.1/../../../../arm-none-eabi/lib/thumb/v7e-m+fp/hard\libm.a
END GROUP
START GROUP
LOAD C:/Program Files/STMicroelectronics/STM32Cube/STM32CubeIDE_2.1.1/STM32CubeIDE/plugins/com.st.stm32cube.ide.mcu.externaltools.gnu-tools-for-stm32.14.3.rel1.win32_1.0.100.202602081740/tools/bin/../lib/gcc/arm-none-eabi/14.3.1/thumb/v7e-m+fp/hard\libgcc.a
LOAD C:/Program Files/STMicroelectronics/STM32Cube/STM32CubeIDE_2.1.1/STM32CubeIDE/plugins/com.st.stm32cube.ide.mcu.externaltools.gnu-tools-for-stm32.14.3.rel1.win32_1.0.100.202602081740/tools/bin/../lib/gcc/arm-none-eabi/14.3.1/../../../../arm-none-eabi/lib/thumb/v7e-m+fp/hard\libc_nano.a
END GROUP
START GROUP
LOAD C:/Program Files/STMicroelectronics/STM32Cube/STM32CubeIDE_2.1.1/STM32CubeIDE/plugins/com.st.stm32cube.ide.mcu.externaltools.gnu-tools-for-stm32.14.3.rel1.win32_1.0.100.202602081740/tools/bin/../lib/gcc/arm-none-eabi/14.3.1/thumb/v7e-m+fp/hard\libgcc.a
LOAD C:/Program Files/STMicroelectronics/STM32Cube/STM32CubeIDE_2.1.1/STM32CubeIDE/plugins/com.st.stm32cube.ide.mcu.externaltools.gnu-tools-for-stm32.14.3.rel1.win32_1.0.100.202602081740/tools/bin/../lib/gcc/arm-none-eabi/14.3.1/../../../../arm-none-eabi/lib/thumb/v7e-m+fp/hard\libc_nano.a
LOAD C:/Program Files/STMicroelectronics/STM32Cube/STM32CubeIDE_2.1.1/STM32CubeIDE/plugins/com.st.stm32cube.ide.mcu.externaltools.gnu-tools-for-stm32.14.3.rel1.win32_1.0.100.202602081740/tools/bin/../lib/gcc/arm-none-eabi/14.3.1/../../../../arm-none-eabi/lib/thumb/v7e-m+fp/hard\libnosys.a
END GROUP
START GROUP
LOAD C:/Program Files/STMicroelectronics/STM32Cube/STM32CubeIDE_2.1.1/STM32CubeIDE/plugins/com.st.stm32cube.ide.mcu.externaltools.gnu-tools-for-stm32.14.3.rel1.win32_1.0.100.202602081740/tools/bin/../lib/gcc/arm-none-eabi/14.3.1/thumb/v7e-m+fp/hard\libgcc.a
LOAD C:/Program Files/STMicroelectronics/STM32Cube/STM32CubeIDE_2.1.1/STM32CubeIDE/plugins/com.st.stm32cube.ide.mcu.externaltools.gnu-tools-for-stm32.14.3.rel1.win32_1.0.100.202602081740/tools/bin/../lib/gcc/arm-none-eabi/14.3.1/../../../../arm-none-eabi/lib/thumb/v7e-m+fp/hard\libc_nano.a
LOAD C:/Program Files/STMicroelectronics/STM32Cube/STM32CubeIDE_2.1.1/STM32CubeIDE/plugins/com.st.stm32cube.ide.mcu.externaltools.gnu-tools-for-stm32.14.3.rel1.win32_1.0.100.202602081740/tools/bin/../lib/gcc/arm-none-eabi/14.3.1/../../../../arm-none-eabi/lib/thumb/v7e-m+fp/hard\libnosys.a
END GROUP
LOAD C:/Program Files/STMicroelectronics/STM32Cube/STM32CubeIDE_2.1.1/STM32CubeIDE/plugins/com.st.stm32cube.ide.mcu.externaltools.gnu-tools-for-stm32.14.3.rel1.win32_1.0.100.202602081740/tools/bin/../lib/gcc/arm-none-eabi/14.3.1/thumb/v7e-m+fp/hard/crtend.o
LOAD C:/Program Files/STMicroelectronics/STM32Cube/STM32CubeIDE_2.1.1/STM32CubeIDE/plugins/com.st.stm32cube.ide.mcu.externaltools.gnu-tools-for-stm32.14.3.rel1.win32_1.0.100.202602081740/tools/bin/../lib/gcc/arm-none-eabi/14.3.1/thumb/v7e-m+fp/hard/crtn.o
                0x20010000                        _estack = (ORIGIN (RAM) + LENGTH (RAM))
                0x00000200                        _Min_Heap_Size = 0x200
                0x00000400                        _Min_Stack_Size = 0x400

.isr_vector     0x08000000      0x194
                0x08000000                        . = ALIGN (0x4)
 *(.isr_vector)
 .isr_vector    0x08000000      0x194 ./Core/Startup/startup_stm32f401ccux.o
                0x08000000                g_pfnVectors
                0x08000194                        . = ALIGN (0x4)

.text           0x08000194     0x6a70
                0x08000194                        . = ALIGN (0x4)
 *(.text)
 .text          0x08000194       0x40 C:/Program Files/STMicroelectronics/STM32Cube/STM32CubeIDE_2.1.1/STM32CubeIDE/plugins/com.st.stm32cube.ide.mcu.externaltools.gnu-tools-for-stm32.14.3.rel1.win32_1.0.100.202602081740/tools/bin/../lib/gcc/arm-none-eabi/14.3.1/thumb/v7e-m+fp/hard/crtbegin.o
 .text          0x080001d4       0x30 C:/Program Files/STMicroelectronics/STM32Cube/STM32CubeIDE_2.1.1/STM32CubeIDE/plugins/com.st.stm32cube.ide.mcu.externaltools.gnu-tools-for-stm32.14.3.rel1.win32_1.0.100.202602081740/tools/bin/../lib/gcc/arm-none-eabi/14.3.1/thumb/v7e-m+fp/hard\libgcc.a(_aeabi_uldivmod.o)
                0x080001d4                __aeabi_uldivmod
 .text          0x08000204      0x2f8 C:/Program Files/STMicroelectronics/STM32Cube/STM32CubeIDE_2.1.1/STM32CubeIDE/plugins/com.st.stm32cube.ide.mcu.externaltools.gnu-tools-for-stm32.14.3.rel1.win32_1.0.100.202602081740/tools/bin/../lib/gcc/arm-none-eabi/14.3.1/thumb/v7e-m+fp/hard\libgcc.a(_udivmoddi4.o)
                0x08000204                __udivmoddi4
 .text          0x080004fc        0x4 C:/Program Files/STMicroelectronics/STM32Cube/STM32CubeIDE_2.1.1/STM32CubeIDE/plugins/com.st.stm32cube.ide.mcu.externaltools.gnu-tools-for-stm32.14.3.rel1.win32_1.0.100.202602081740/tools/bin/../lib/gcc/arm-none-eabi/14.3.1/thumb/v7e-m+fp/hard\libgcc.a(_dvmd_tls.o)
                0x080004fc                __aeabi_idiv0
                0x080004fc                __aeabi_ldiv0
 *(.text*)
 .text.main     0x08000500       0x58 ./Core/Src/main.o
                0x08000500                main
 .text.SystemClock_Config
                0x08000558       0xd8 ./Core/Src/main.o
                0x08000558                SystemClock_Config
 .text.MX_GPIO_Init
                0x08000630       0xa4 ./Core/Src/main.o
 .text.Error_Handler
                0x080006d4        0xc ./Core/Src/main.o
                0x080006d4                Error_Handler
 .text.HAL_MspInit
                0x080006e0       0x50 ./Core/Src/stm32f4xx_hal_msp.o
                0x080006e0                HAL_MspInit
 .text.NMI_Handler
                0x08000730        0x8 ./Core/Src/stm32f4xx_it.o
                0x08000730                NMI_Handler
 .text.HardFault_Handler
                0x08000738        0x8 ./Core/Src/stm32f4xx_it.o
                0x08000738                HardFault_Handler
 .text.MemManage_Handler
                0x08000740        0x8 ./Core/Src/stm32f4xx_it.o
                0x08000740                MemManage_Handler
 .text.BusFault_Handler
                0x08000748        0x8 ./Core/Src/stm32f4xx_it.o
                0x08000748                BusFault_Handler
 .text.UsageFault_Handler
                0x08000750        0x8 ./Core/Src/stm32f4xx_it.o
                0x08000750                UsageFault_Handler
 .text.SVC_Handler
                0x08000758        0xe ./Core/Src/stm32f4xx_it.o
                0x08000758                SVC_Handler
 .text.DebugMon_Handler
                0x08000766        0xe ./Core/Src/stm32f4xx_it.o
                0x08000766                DebugMon_Handler
 .text.PendSV_Handler
                0x08000774        0xe ./Core/Src/stm32f4xx_it.o
                0x08000774                PendSV_Handler
 .text.SysTick_Handler
                0x08000782        0xc ./Core/Src/stm32f4xx_it.o
                0x08000782                SysTick_Handler
 *fill*         0x0800078e        0x2 
 .text.OTG_FS_IRQHandler
                0x08000790       0x14 ./Core/Src/stm32f4xx_it.o
                0x08000790                OTG_FS_IRQHandler
 .text.SystemInit
                0x080007a4       0x24 ./Core/Src/system_stm32f4xx.o
                0x080007a4                SystemInit
 .text.Reset_Handler
                0x080007c8       0x50 ./Core/Startup/startup_stm32f401ccux.o
                0x080007c8                Reset_Handler
 .text.Default_Handler
                0x08000818        0x2 ./Core/Startup/startup_stm32f401ccux.o
                0x08000818                RTC_Alarm_IRQHandler
                0x08000818                EXTI2_IRQHandler
                0x08000818                SPI4_IRQHandler
                0x08000818                TIM1_CC_IRQHandler
                0x08000818                DMA2_Stream5_IRQHandler
                0x08000818                DMA1_Stream5_IRQHandler
                0x08000818                PVD_IRQHandler
                0x08000818                SDIO_IRQHandler
                0x08000818                TAMP_STAMP_IRQHandler
                0x08000818                EXTI3_IRQHandler
                0x08000818                TIM1_UP_TIM10_IRQHandler
                0x08000818                I2C3_ER_IRQHandler
                0x08000818                EXTI0_IRQHandler
                0x08000818                I2C2_EV_IRQHandler
                0x08000818                DMA1_Stream2_IRQHandler
                0x08000818                FPU_IRQHandler
                0x08000818                DMA2_Stream2_IRQHandler
                0x08000818                SPI1_IRQHandler
                0x08000818                TIM1_BRK_TIM9_IRQHandler
                0x08000818                DMA2_Stream3_IRQHandler
                0x08000818                USART6_IRQHandler
                0x08000818                DMA2_Stream0_IRQHandler
                0x08000818                TIM4_IRQHandler
                0x08000818                I2C1_EV_IRQHandler
                0x08000818                DMA1_Stream6_IRQHandler
                0x08000818                DMA1_Stream1_IRQHandler
                0x08000818                TIM3_IRQHandler
                0x08000818                RCC_IRQHandler
                0x08000818                Default_Handler
                0x08000818                EXTI15_10_IRQHandler
                0x08000818                ADC_IRQHandler
                0x08000818                DMA1_Stream7_IRQHandler
                0x08000818                TIM5_IRQHandler
                0x08000818                DMA2_Stream7_IRQHandler
                0x08000818                I2C3_EV_IRQHandler
                0x08000818                EXTI9_5_IRQHandler
                0x08000818                RTC_WKUP_IRQHandler
                0x08000818                SPI2_IRQHandler
                0x08000818                DMA1_Stream0_IRQHandler
                0x08000818                EXTI4_IRQHandler
                0x08000818                WWDG_IRQHandler
                0x08000818                TIM2_IRQHandler
                0x08000818                OTG_FS_WKUP_IRQHandler
                0x08000818                TIM1_TRG_COM_TIM11_IRQHandler
                0x08000818                EXTI1_IRQHandler
                0x08000818                USART2_IRQHandler
                0x08000818                I2C2_ER_IRQHandler
                0x08000818                DMA2_Stream1_IRQHandler
                0x08000818                FLASH_IRQHandler
                0x08000818                DMA2_Stream4_IRQHandler
                0x08000818                USART1_IRQHandler
                0x08000818                SPI3_IRQHandler
                0x08000818                DMA1_Stream4_IRQHandler
                0x08000818                I2C1_ER_IRQHandler
                0x08000818                DMA2_Stream6_IRQHandler
                0x08000818                DMA1_Stream3_IRQHandler
 *fill*         0x0800081a        0x2 
 .text.HAL_Init
                0x0800081c       0x44 ./Drivers/STM32F4xx_HAL_Driver/Src/stm32f4xx_hal.o
                0x0800081c                HAL_Init
 .text.HAL_InitTick
                0x08000860       0x60 ./Drivers/STM32F4xx_HAL_Driver/Src/stm32f4xx_hal.o
                0x08000860                HAL_InitTick
 .text.HAL_IncTick
                0x080008c0       0x28 ./Drivers/STM32F4xx_HAL_Driver/Src/stm32f4xx_hal.o
                0x080008c0                HAL_IncTick
 .text.HAL_GetTick
                0x080008e8       0x18 ./Drivers/STM32F4xx_HAL_Driver/Src/stm32f4xx_hal.o
                0x080008e8                HAL_GetTick
 .text.HAL_Delay
                0x08000900       0x48 ./Drivers/STM32F4xx_HAL_Driver/Src/stm32f4xx_hal.o
                0x08000900                HAL_Delay
 .text.__NVIC_SetPriorityGrouping
                0x08000948       0x48 ./Drivers/STM32F4xx_HAL_Driver/Src/stm32f4xx_hal_cortex.o
 .text.__NVIC_GetPriorityGrouping
                0x08000990       0x1c ./Drivers/STM32F4xx_HAL_Driver/Src/stm32f4xx_hal_cortex.o
 .text.__NVIC_EnableIRQ
                0x080009ac       0x3c ./Drivers/STM32F4xx_HAL_Driver/Src/stm32f4xx_hal_cortex.o
 .text.__NVIC_SetPriority
                0x080009e8       0x54 ./Drivers/STM32F4xx_HAL_Driver/Src/stm32f4xx_hal_cortex.o
 .text.NVIC_EncodePriority
                0x08000a3c       0x66 ./Drivers/STM32F4xx_HAL_Driver/Src/stm32f4xx_hal_cortex.o
 *fill*         0x08000aa2        0x2 
 .text.SysTick_Config
                0x08000aa4       0x44 ./Drivers/STM32F4xx_HAL_Driver/Src/stm32f4xx_hal_cortex.o
 .text.HAL_NVIC_SetPriorityGrouping
                0x08000ae8       0x16 ./Drivers/STM32F4xx_HAL_Driver/Src/stm32f4xx_hal_cortex.o
                0x08000ae8                HAL_NVIC_SetPriorityGrouping
 .text.HAL_NVIC_SetPriority
                0x08000afe       0x38 ./Drivers/STM32F4xx_HAL_Driver/Src/stm32f4xx_hal_cortex.o
                0x08000afe                HAL_NVIC_SetPriority
 .text.HAL_NVIC_EnableIRQ
                0x08000b36       0x1c ./Drivers/STM32F4xx_HAL_Driver/Src/stm32f4xx_hal_cortex.o
                0x08000b36                HAL_NVIC_EnableIRQ
 .text.HAL_SYSTICK_Config
                0x08000b52       0x18 ./Drivers/STM32F4xx_HAL_Driver/Src/stm32f4xx_hal_cortex.o
                0x08000b52                HAL_SYSTICK_Config
 *fill*         0x08000b6a        0x2 
 .text.HAL_GPIO_Init
                0x08000b6c      0x308 ./Drivers/STM32F4xx_HAL_Driver/Src/stm32f4xx_hal_gpio.o
                0x08000b6c                HAL_GPIO_Init
 .text.HAL_GPIO_WritePin
                0x08000e74       0x32 ./Drivers/STM32F4xx_HAL_Driver/Src/stm32f4xx_hal_gpio.o
                0x08000e74                HAL_GPIO_WritePin
 .text.HAL_PCD_Init
                0x08000ea6      0x21e ./Drivers/STM32F4xx_HAL_Driver/Src/stm32f4xx_hal_pcd.o
                0x08000ea6                HAL_PCD_Init
 .text.HAL_PCD_Start
                0x080010c4       0x6a ./Drivers/STM32F4xx_HAL_Driver/Src/stm32f4xx_hal_pcd.o
                0x080010c4                HAL_PCD_Start
 .text.HAL_PCD_IRQHandler
                0x0800112e      0x942 ./Drivers/STM32F4xx_HAL_Driver/Src/stm32f4xx_hal_pcd.o
                0x0800112e                HAL_PCD_IRQHandler
 .text.HAL_PCD_SetAddress
                0x08001a70       0x48 ./Drivers/STM32F4xx_HAL_Driver/Src/stm32f4xx_hal_pcd.o
                0x08001a70                HAL_PCD_SetAddress
 .text.HAL_PCD_EP_Open
                0x08001ab8       0xd4 ./Drivers/STM32F4xx_HAL_Driver/Src/stm32f4xx_hal_pcd.o
                0x08001ab8                HAL_PCD_EP_Open
 .text.HAL_PCD_EP_Close
                0x08001b8c       0x94 ./Drivers/STM32F4xx_HAL_Driver/Src/stm32f4xx_hal_pcd.o
                0x08001b8c                HAL_PCD_EP_Close
 .text.HAL_PCD_EP_Receive
                0x08001c20       0x76 ./Drivers/STM32F4xx_HAL_Driver/Src/stm32f4xx_hal_pcd.o
                0x08001c20                HAL_PCD_EP_Receive
 .text.HAL_PCD_EP_GetRxCount
                0x08001c96       0x30 ./Drivers/STM32F4xx_HAL_Driver/Src/stm32f4xx_hal_pcd.o
                0x08001c96                HAL_PCD_EP_GetRxCount
 .text.HAL_PCD_EP_Transmit
                0x08001cc6       0x74 ./Drivers/STM32F4xx_HAL_Driver/Src/stm32f4xx_hal_pcd.o
                0x08001cc6                HAL_PCD_EP_Transmit
 .text.HAL_PCD_EP_SetStall
                0x08001d3a       0xc6 ./Drivers/STM32F4xx_HAL_Driver/Src/stm32f4xx_hal_pcd.o
                0x08001d3a                HAL_PCD_EP_SetStall
 .text.HAL_PCD_EP_ClrStall
                0x08001e00       0xac ./Drivers/STM32F4xx_HAL_Driver/Src/stm32f4xx_hal_pcd.o
                0x08001e00                HAL_PCD_EP_ClrStall
 .text.HAL_PCD_EP_Abort
                0x08001eac       0x62 ./Drivers/STM32F4xx_HAL_Driver/Src/stm32f4xx_hal_pcd.o
                0x08001eac                HAL_PCD_EP_Abort
 .text.PCD_WriteEmptyTxFifo
                0x08001f0e      0x118 ./Drivers/STM32F4xx_HAL_Driver/Src/stm32f4xx_hal_pcd.o
 *fill*         0x08002026        0x2 
 .text.PCD_EP_OutXfrComplete_int
                0x08002028      0x1d0 ./Drivers/STM32F4xx_HAL_Driver/Src/stm32f4xx_hal_pcd.o
 .text.PCD_EP_OutSetupPacket_int
                0x080021f8       0x8c ./Drivers/STM32F4xx_HAL_Driver/Src/stm32f4xx_hal_pcd.o
 .text.HAL_PCDEx_SetTxFiFo
                0x08002284       0x8e ./Drivers/STM32F4xx_HAL_Driver/Src/stm32f4xx_hal_pcd_ex.o
                0x08002284                HAL_PCDEx_SetTxFiFo
 .text.HAL_PCDEx_SetRxFiFo
                0x08002312       0x22 ./Drivers/STM32F4xx_HAL_Driver/Src/stm32f4xx_hal_pcd_ex.o
                0x08002312                HAL_PCDEx_SetRxFiFo
 .text.HAL_PCDEx_LPM_Callback
                0x08002334       0x18 ./Drivers/STM32F4xx_HAL_Driver/Src/stm32f4xx_hal_pcd_ex.o
                0x08002334                HAL_PCDEx_LPM_Callback
 .text.HAL_RCC_OscConfig
                0x0800234c      0x4f0 ./Drivers/STM32F4xx_HAL_Driver/Src/stm32f4xx_hal_rcc.o
                0x0800234c                HAL_RCC_OscConfig
 .text.HAL_RCC_ClockConfig
                0x0800283c      0x1cc ./Drivers/STM32F4xx_HAL_Driver/Src/stm32f4xx_hal_rcc.o
                0x0800283c                HAL_RCC_ClockConfig
 .text.HAL_RCC_GetSysClockFreq
                0x08002a08      0x188 ./Drivers/STM32F4xx_HAL_Driver/Src/stm32f4xx_hal_rcc.o
                0x08002a08                HAL_RCC_GetSysClockFreq
 .text.HAL_RCC_GetHCLKFreq
                0x08002b90       0x18 ./Drivers/STM32F4xx_HAL_Driver/Src/stm32f4xx_hal_rcc.o
                0x08002b90                HAL_RCC_GetHCLKFreq
 .text.USB_CoreInit
                0x08002ba8       0xc8 ./Drivers/STM32F4xx_HAL_Driver/Src/stm32f4xx_ll_usb.o
                0x08002ba8                USB_CoreInit
 .text.USB_SetTurnaroundTime
                0x08002c70      0x144 ./Drivers/STM32F4xx_HAL_Driver/Src/stm32f4xx_ll_usb.o
                0x08002c70                USB_SetTurnaroundTime
 .text.USB_EnableGlobalInt
                0x08002db4       0x22 ./Drivers/STM32F4xx_HAL_Driver/Src/stm32f4xx_ll_usb.o
                0x08002db4                USB_EnableGlobalInt
 .text.USB_DisableGlobalInt
                0x08002dd6       0x22 ./Drivers/STM32F4xx_HAL_Driver/Src/stm32f4xx_ll_usb.o
                0x08002dd6                USB_DisableGlobalInt
 .text.USB_SetCurrentMode
                0x08002df8       0x98 ./Drivers/STM32F4xx_HAL_Driver/Src/stm32f4xx_ll_usb.o
                0x08002df8                USB_SetCurrentMode
 .text.USB_DevInit
                0x08002e90      0x2c8 ./Drivers/STM32F4xx_HAL_Driver/Src/stm32f4xx_ll_usb.o
                0x08002e90                USB_DevInit
 .text.USB_FlushTxFifo
                0x08003158       0x64 ./Drivers/STM32F4xx_HAL_Driver/Src/stm32f4xx_ll_usb.o
                0x08003158                USB_FlushTxFifo
 .text.USB_FlushRxFifo
                0x080031bc       0x5c ./Drivers/STM32F4xx_HAL_Driver/Src/stm32f4xx_ll_usb.o
                0x080031bc                USB_FlushRxFifo
 .text.USB_SetDevSpeed
                0x08003218       0x32 ./Drivers/STM32F4xx_HAL_Driver/Src/stm32f4xx_ll_usb.o
                0x08003218                USB_SetDevSpeed
 .text.USB_GetDevSpeed
                0x0800324a       0x4a ./Drivers/STM32F4xx_HAL_Driver/Src/stm32f4xx_ll_usb.o
                0x0800324a                USB_GetDevSpeed
 .text.USB_ActivateEndpoint
                0x08003294      0x10e ./Drivers/STM32F4xx_HAL_Driver/Src/stm32f4xx_ll_usb.o
                0x08003294                USB_ActivateEndpoint
 *fill*         0x080033a2        0x2 
 .text.USB_DeactivateEndpoint
                0x080033a4      0x1b8 ./Drivers/STM32F4xx_HAL_Driver/Src/stm32f4xx_ll_usb.o
                0x080033a4                USB_DeactivateEndpoint
 .text.USB_EPStartXfer
                0x0800355c      0x53c ./Drivers/STM32F4xx_HAL_Driver/Src/stm32f4xx_ll_usb.o
                0x0800355c                USB_EPStartXfer
 .text.USB_EPStopXfer
                0x08003a98      0x154 ./Drivers/STM32F4xx_HAL_Driver/Src/stm32f4xx_ll_usb.o
                0x08003a98                USB_EPStopXfer
 .text.USB_WritePacket
                0x08003bec       0x7c ./Drivers/STM32F4xx_HAL_Driver/Src/stm32f4xx_ll_usb.o
                0x08003bec                USB_WritePacket
 .text.USB_ReadPacket
                0x08003c68       0xb0 ./Drivers/STM32F4xx_HAL_Driver/Src/stm32f4xx_ll_usb.o
                0x08003c68                USB_ReadPacket
 .text.USB_EPSetStall
                0x08003d18       0xdc ./Drivers/STM32F4xx_HAL_Driver/Src/stm32f4xx_ll_usb.o
                0x08003d18                USB_EPSetStall
 .text.USB_EPClearStall
                0x08003df4       0xcc ./Drivers/STM32F4xx_HAL_Driver/Src/stm32f4xx_ll_usb.o
                0x08003df4                USB_EPClearStall
 .text.USB_SetDevAddress
                0x08003ec0       0x4c ./Drivers/STM32F4xx_HAL_Driver/Src/stm32f4xx_ll_usb.o
                0x08003ec0                USB_SetDevAddress
 .text.USB_DevConnect
                0x08003f0c       0x42 ./Drivers/STM32F4xx_HAL_Driver/Src/stm32f4xx_ll_usb.o
                0x08003f0c                USB_DevConnect
 .text.USB_DevDisconnect
                0x08003f4e       0x42 ./Drivers/STM32F4xx_HAL_Driver/Src/stm32f4xx_ll_usb.o
                0x08003f4e                USB_DevDisconnect
 .text.USB_ReadInterrupts
                0x08003f90       0x26 ./Drivers/STM32F4xx_HAL_Driver/Src/stm32f4xx_ll_usb.o
                0x08003f90                USB_ReadInterrupts
 .text.USB_ReadDevAllOutEpInterrupt
                0x08003fb6       0x34 ./Drivers/STM32F4xx_HAL_Driver/Src/stm32f4xx_ll_usb.o
                0x08003fb6                USB_ReadDevAllOutEpInterrupt
 .text.USB_ReadDevAllInEpInterrupt
                0x08003fea       0x34 ./Drivers/STM32F4xx_HAL_Driver/Src/stm32f4xx_ll_usb.o
                0x08003fea                USB_ReadDevAllInEpInterrupt
 .text.USB_ReadDevOutEPInterrupt
                0x0800401e       0x3c ./Drivers/STM32F4xx_HAL_Driver/Src/stm32f4xx_ll_usb.o
                0x0800401e                USB_ReadDevOutEPInterrupt
 .text.USB_ReadDevInEPInterrupt
                0x0800405a       0x5c ./Drivers/STM32F4xx_HAL_Driver/Src/stm32f4xx_ll_usb.o
                0x0800405a                USB_ReadDevInEPInterrupt
 .text.USB_GetMode
                0x080040b6       0x1c ./Drivers/STM32F4xx_HAL_Driver/Src/stm32f4xx_ll_usb.o
                0x080040b6                USB_GetMode
 .text.USB_ActivateSetup
                0x080040d2       0x46 ./Drivers/STM32F4xx_HAL_Driver/Src/stm32f4xx_ll_usb.o
                0x080040d2                USB_ActivateSetup
 .text.USB_EP0_OutStart
                0x08004118       0xbc ./Drivers/STM32F4xx_HAL_Driver/Src/stm32f4xx_ll_usb.o
                0x08004118                USB_EP0_OutStart
 .text.USB_CoreReset
                0x080041d4       0x70 ./Drivers/STM32F4xx_HAL_Driver/Src/stm32f4xx_ll_usb.o
 .text.USBD_CDC_Init
                0x08004244      0x1f0 ./Middlewares/ST/STM32_USB_Device_Library/Class/CDC/Src/usbd_cdc.o
 .text.USBD_CDC_DeInit
                0x08004434      0x104 ./Middlewares/ST/STM32_USB_Device_Library/Class/CDC/Src/usbd_cdc.o
 .text.USBD_CDC_Setup
                0x08004538      0x1b8 ./Middlewares/ST/STM32_USB_Device_Library/Class/CDC/Src/usbd_cdc.o
 .text.USBD_CDC_DataIn
                0x080046f0       0xfe ./Middlewares/ST/STM32_USB_Device_Library/Class/CDC/Src/usbd_cdc.o
 .text.USBD_CDC_DataOut
                0x080047ee       0x70 ./Middlewares/ST/STM32_USB_Device_Library/Class/CDC/Src/usbd_cdc.o
 .text.USBD_CDC_EP0_RxReady
                0x0800485e       0x74 ./Middlewares/ST/STM32_USB_Device_Library/Class/CDC/Src/usbd_cdc.o
 *fill*         0x080048d2        0x2 
 .text.USBD_CDC_GetFSCfgDesc
                0x080048d4       0x70 ./Middlewares/ST/STM32_USB_Device_Library/Class/CDC/Src/usbd_cdc.o
 .text.USBD_CDC_GetHSCfgDesc
                0x08004944       0x70 ./Middlewares/ST/STM32_USB_Device_Library/Class/CDC/Src/usbd_cdc.o
 .text.USBD_CDC_GetOtherSpeedCfgDesc
                0x080049b4       0x70 ./Middlewares/ST/STM32_USB_Device_Library/Class/CDC/Src/usbd_cdc.o
 .text.USBD_CDC_GetDeviceQualifierDescriptor
                0x08004a24       0x20 ./Middlewares/ST/STM32_USB_Device_Library/Class/CDC/Src/usbd_cdc.o
                0x08004a24                USBD_CDC_GetDeviceQualifierDescriptor
 .text.USBD_CDC_RegisterInterface
                0x08004a44       0x34 ./Middlewares/ST/STM32_USB_Device_Library/Class/CDC/Src/usbd_cdc.o
                0x08004a44                USBD_CDC_RegisterInterface
 .text.USBD_CDC_SetTxBuffer
                0x08004a78       0x44 ./Middlewares/ST/STM32_USB_Device_Library/Class/CDC/Src/usbd_cdc.o
                0x08004a78                USBD_CDC_SetTxBuffer
 .text.USBD_CDC_SetRxBuffer
                0x08004abc       0x3a ./Middlewares/ST/STM32_USB_Device_Library/Class/CDC/Src/usbd_cdc.o
                0x08004abc                USBD_CDC_SetRxBuffer
 *fill*         0x08004af6        0x2 
 .text.USBD_CDC_ReceivePacket
                0x08004af8       0x6c ./Middlewares/ST/STM32_USB_Device_Library/Class/CDC/Src/usbd_cdc.o
                0x08004af8                USBD_CDC_ReceivePacket
 .text.USBD_Init
                0x08004b64       0x60 ./Middlewares/ST/STM32_USB_Device_Library/Core/Src/usbd_core.o
                0x08004b64                USBD_Init
 .text.USBD_RegisterClass
                0x08004bc4       0x6c ./Middlewares/ST/STM32_USB_Device_Library/Core/Src/usbd_core.o
                0x08004bc4                USBD_RegisterClass
 .text.USBD_Start
                0x08004c30       0x18 ./Middlewares/ST/STM32_USB_Device_Library/Core/Src/usbd_core.o
                0x08004c30                USBD_Start
 .text.USBD_RunTestMode
                0x08004c48       0x16 ./Middlewares/ST/STM32_USB_Device_Library/Core/Src/usbd_core.o
                0x08004c48                USBD_RunTestMode
 .text.USBD_SetClassConfig
                0x08004c5e       0x38 ./Middlewares/ST/STM32_USB_Device_Library/Core/Src/usbd_core.o
                0x08004c5e                USBD_SetClassConfig
 .text.USBD_ClrClassConfig
                0x08004c96       0x34 ./Middlewares/ST/STM32_USB_Device_Library/Core/Src/usbd_core.o
                0x08004c96                USBD_ClrClassConfig
 .text.USBD_LL_SetupStage
                0x08004cca       0xaa ./Middlewares/ST/STM32_USB_Device_Library/Core/Src/usbd_core.o
                0x08004cca                USBD_LL_SetupStage
 .text.USBD_LL_DataOutStage
                0x08004d74      0x178 ./Middlewares/ST/STM32_USB_Device_Library/Core/Src/usbd_core.o
                0x08004d74                USBD_LL_DataOutStage
 .text.USBD_LL_DataInStage
                0x08004eec      0x176 ./Middlewares/ST/STM32_USB_Device_Library/Core/Src/usbd_core.o
                0x08004eec                USBD_LL_DataInStage
 .text.USBD_LL_Reset
                0x08005062       0xa6 ./Middlewares/ST/STM32_USB_Device_Library/Core/Src/usbd_core.o
                0x08005062                USBD_LL_Reset
 .text.USBD_LL_SetSpeed
                0x08005108       0x20 ./Middlewares/ST/STM32_USB_Device_Library/Core/Src/usbd_core.o
                0x08005108                USBD_LL_SetSpeed
 .text.USBD_LL_Suspend
                0x08005128       0x38 ./Middlewares/ST/STM32_USB_Device_Library/Core/Src/usbd_core.o
                0x08005128                USBD_LL_Suspend
 .text.USBD_LL_Resume
                0x08005160       0x30 ./Middlewares/ST/STM32_USB_Device_Library/Core/Src/usbd_core.o
                0x08005160                USBD_LL_Resume
 .text.USBD_LL_SOF
                0x08005190       0x40 ./Middlewares/ST/STM32_USB_Device_Library/Core/Src/usbd_core.o
                0x08005190                USBD_LL_SOF
 .text.USBD_LL_IsoINIncomplete
                0x080051d0       0x64 ./Middlewares/ST/STM32_USB_Device_Library/Core/Src/usbd_core.o
                0x080051d0                USBD_LL_IsoINIncomplete
 .text.USBD_LL_IsoOUTIncomplete
                0x08005234       0x64 ./Middlewares/ST/STM32_USB_Device_Library/Core/Src/usbd_core.o
                0x08005234                USBD_LL_IsoOUTIncomplete
 .text.USBD_LL_DevConnected
                0x08005298       0x16 ./Middlewares/ST/STM32_USB_Device_Library/Core/Src/usbd_core.o
                0x08005298                USBD_LL_DevConnected
 .text.USBD_LL_DevDisconnected
                0x080052ae       0x46 ./Middlewares/ST/STM32_USB_Device_Library/Core/Src/usbd_core.o
                0x080052ae                USBD_LL_DevDisconnected
 .text.USBD_CoreFindIF
                0x080052f4       0x1a ./Middlewares/ST/STM32_USB_Device_Library/Core/Src/usbd_core.o
                0x080052f4                USBD_CoreFindIF
 .text.USBD_CoreFindEP
                0x0800530e       0x1a ./Middlewares/ST/STM32_USB_Device_Library/Core/Src/usbd_core.o
                0x0800530e                USBD_CoreFindEP
 .text.USBD_GetEpDesc
                0x08005328       0x70 ./Middlewares/ST/STM32_USB_Device_Library/Core/Src/usbd_core.o
                0x08005328                USBD_GetEpDesc
 .text.USBD_GetNextDesc
                0x08005398       0x38 ./Middlewares/ST/STM32_USB_Device_Library/Core/Src/usbd_core.o
                0x08005398                USBD_GetNextDesc
 .text.SWAPBYTE
                0x080053d0       0x3e ./Middlewares/ST/STM32_USB_Device_Library/Core/Src/usbd_ctlreq.o
 *fill*         0x0800540e        0x2 
 .text.USBD_StdDevReq
                0x08005410       0xe4 ./Middlewares/ST/STM32_USB_Device_Library/Core/Src/usbd_ctlreq.o
                0x08005410                USBD_StdDevReq
 .text.USBD_StdItfReq
                0x080054f4       0xd8 ./Middlewares/ST/STM32_USB_Device_Library/Core/Src/usbd_ctlreq.o
                0x080054f4                USBD_StdItfReq
 .text.USBD_StdEPReq
                0x080055cc      0x33e ./Middlewares/ST/STM32_USB_Device_Library/Core/Src/usbd_ctlreq.o
                0x080055cc                USBD_StdEPReq
 *fill*         0x0800590a        0x2 
 .text.USBD_GetDescriptor
                0x0800590c      0x2d4 ./Middlewares/ST/STM32_USB_Device_Library/Core/Src/usbd_ctlreq.o
 .text.USBD_SetAddress
                0x08005be0       0x88 ./Middlewares/ST/STM32_USB_Device_Library/Core/Src/usbd_ctlreq.o
 .text.USBD_SetConfig
                0x08005c68      0x154 ./Middlewares/ST/STM32_USB_Device_Library/Core/Src/usbd_ctlreq.o
 .text.USBD_GetConfig
                0x08005dbc       0x6c ./Middlewares/ST/STM32_USB_Device_Library/Core/Src/usbd_ctlreq.o
 .text.USBD_GetStatus
                0x08005e28       0x68 ./Middlewares/ST/STM32_USB_Device_Library/Core/Src/usbd_ctlreq.o
 .text.USBD_SetFeature
                0x08005e90       0x52 ./Middlewares/ST/STM32_USB_Device_Library/Core/Src/usbd_ctlreq.o
 .text.USBD_ClrFeature
                0x08005ee2       0x44 ./Middlewares/ST/STM32_USB_Device_Library/Core/Src/usbd_ctlreq.o
 .text.USBD_ParseSetupRequest
                0x08005f26       0x74 ./Middlewares/ST/STM32_USB_Device_Library/Core/Src/usbd_ctlreq.o
                0x08005f26                USBD_ParseSetupRequest
 .text.USBD_CtlError
                0x08005f9a       0x22 ./Middlewares/ST/STM32_USB_Device_Library/Core/Src/usbd_ctlreq.o
                0x08005f9a                USBD_CtlError
 .text.USBD_GetString
                0x08005fbc       0xa4 ./Middlewares/ST/STM32_USB_Device_Library/Core/Src/usbd_ctlreq.o
                0x08005fbc                USBD_GetString
 .text.USBD_GetLen
                0x08006060       0x34 ./Middlewares/ST/STM32_USB_Device_Library/Core/Src/usbd_ctlreq.o
 .text.USBD_CtlSendData
                0x08006094       0x3c ./Middlewares/ST/STM32_USB_Device_Library/Core/Src/usbd_ioreq.o
                0x08006094                USBD_CtlSendData
 .text.USBD_CtlContinueSendData
                0x080060d0       0x22 ./Middlewares/ST/STM32_USB_Device_Library/Core/Src/usbd_ioreq.o
                0x080060d0                USBD_CtlContinueSendData
 .text.USBD_CtlPrepareRx
                0x080060f2       0x42 ./Middlewares/ST/STM32_USB_Device_Library/Core/Src/usbd_ioreq.o
                0x080060f2                USBD_CtlPrepareRx
 .text.USBD_CtlContinueRx
                0x08006134       0x22 ./Middlewares/ST/STM32_USB_Device_Library/Core/Src/usbd_ioreq.o
                0x08006134                USBD_CtlContinueRx
 .text.USBD_CtlSendStatus
                0x08006156       0x26 ./Middlewares/ST/STM32_USB_Device_Library/Core/Src/usbd_ioreq.o
                0x08006156                USBD_CtlSendStatus
 .text.USBD_CtlReceiveStatus
                0x0800617c       0x26 ./Middlewares/ST/STM32_USB_Device_Library/Core/Src/usbd_ioreq.o
                0x0800617c                USBD_CtlReceiveStatus
 *fill*         0x080061a2        0x2 
 .text.MX_USB_DEVICE_Init
                0x080061a4       0x60 ./USB_DEVICE/App/usb_device.o
                0x080061a4                MX_USB_DEVICE_Init
 .text.CDC_Init_FS
                0x08006204       0x28 ./USB_DEVICE/App/usbd_cdc_if.o
 .text.CDC_DeInit_FS
                0x0800622c       0x10 ./USB_DEVICE/App/usbd_cdc_if.o
 .text.CDC_Control_FS
                0x0800623c       0xbc ./USB_DEVICE/App/usbd_cdc_if.o
 .text.CDC_Receive_FS
                0x080062f8       0x44 ./USB_DEVICE/App/usbd_cdc_if.o
 .text.CDC_TransmitCplt_FS
                0x0800633c       0x22 ./USB_DEVICE/App/usbd_cdc_if.o
 *fill*         0x0800635e        0x2 
 .text.USBD_FS_DeviceDescriptor
                0x08006360       0x24 ./USB_DEVICE/App/usbd_desc.o
                0x08006360                USBD_FS_DeviceDescriptor
 .text.USBD_FS_LangIDStrDescriptor
                0x08006384       0x24 ./USB_DEVICE/App/usbd_desc.o
                0x08006384                USBD_FS_LangIDStrDescriptor
 .text.USBD_FS_ProductStrDescriptor
                0x080063a8       0x3c ./USB_DEVICE/App/usbd_desc.o
                0x080063a8                USBD_FS_ProductStrDescriptor
 .text.USBD_FS_ManufacturerStrDescriptor
                0x080063e4       0x28 ./USB_DEVICE/App/usbd_desc.o
                0x080063e4                USBD_FS_ManufacturerStrDescriptor
 .text.USBD_FS_SerialStrDescriptor
                0x0800640c       0x24 ./USB_DEVICE/App/usbd_desc.o
                0x0800640c                USBD_FS_SerialStrDescriptor
 .text.USBD_FS_ConfigStrDescriptor
                0x08006430       0x3c ./USB_DEVICE/App/usbd_desc.o
                0x08006430                USBD_FS_ConfigStrDescriptor
 .text.USBD_FS_InterfaceStrDescriptor
                0x0800646c       0x3c ./USB_DEVICE/App/usbd_desc.o
                0x0800646c                USBD_FS_InterfaceStrDescriptor
 .text.Get_SerialNum
                0x080064a8       0x58 ./USB_DEVICE/App/usbd_desc.o
 .text.IntToUnicode
                0x08006500       0x7e ./USB_DEVICE/App/usbd_desc.o
 *fill*         0x0800657e        0x2 
 .text.HAL_PCD_MspInit
                0x08006580       0xa8 ./USB_DEVICE/Target/usbd_conf.o
                0x08006580                HAL_PCD_MspInit
 .text.HAL_PCD_SetupStageCallback
                0x08006628       0x24 ./USB_DEVICE/Target/usbd_conf.o
                0x08006628                HAL_PCD_SetupStageCallback
 .text.HAL_PCD_DataOutStageCallback
                0x0800664c       0x36 ./USB_DEVICE/Target/usbd_conf.o
                0x0800664c                HAL_PCD_DataOutStageCallback
 .text.HAL_PCD_DataInStageCallback
                0x08006682       0x34 ./USB_DEVICE/Target/usbd_conf.o
                0x08006682                HAL_PCD_DataInStageCallback
 .text.HAL_PCD_SOFCallback
                0x080066b6       0x1c ./USB_DEVICE/Target/usbd_conf.o
                0x080066b6                HAL_PCD_SOFCallback
 .text.HAL_PCD_ResetCallback
                0x080066d2       0x3c ./USB_DEVICE/Target/usbd_conf.o
                0x080066d2                HAL_PCD_ResetCallback
 *fill*         0x0800670e        0x2 
 .text.HAL_PCD_SuspendCallback
                0x08006710       0x4c ./USB_DEVICE/Target/usbd_conf.o
                0x08006710                HAL_PCD_SuspendCallback
 .text.HAL_PCD_ResumeCallback
                0x0800675c       0x1c ./USB_DEVICE/Target/usbd_conf.o
                0x0800675c                HAL_PCD_ResumeCallback
 .text.HAL_PCD_ISOOUTIncompleteCallback
                0x08006778       0x24 ./USB_DEVICE/Target/usbd_conf.o
                0x08006778                HAL_PCD_ISOOUTIncompleteCallback
 .text.HAL_PCD_ISOINIncompleteCallback
                0x0800679c       0x24 ./USB_DEVICE/Target/usbd_conf.o
                0x0800679c                HAL_PCD_ISOINIncompleteCallback
 .text.HAL_PCD_ConnectCallback
                0x080067c0       0x1c ./USB_DEVICE/Target/usbd_conf.o
                0x080067c0                HAL_PCD_ConnectCallback
 .text.HAL_PCD_DisconnectCallback
                0x080067dc       0x1c ./USB_DEVICE/Target/usbd_conf.o
                0x080067dc                HAL_PCD_DisconnectCallback
 .text.USBD_LL_Init
                0x080067f8       0x98 ./USB_DEVICE/Target/usbd_conf.o
                0x080067f8                USBD_LL_Init
 .text.USBD_LL_Start
                0x08006890       0x36 ./USB_DEVICE/Target/usbd_conf.o
                0x08006890                USBD_LL_Start
 .text.USBD_LL_OpenEP
                0x080068c6       0x4c ./USB_DEVICE/Target/usbd_conf.o
                0x080068c6                USBD_LL_OpenEP
 .text.USBD_LL_CloseEP
                0x08006912       0x3e ./USB_DEVICE/Target/usbd_conf.o
                0x08006912                USBD_LL_CloseEP
 .text.USBD_LL_StallEP
                0x08006950       0x3e ./USB_DEVICE/Target/usbd_conf.o
                0x08006950                USBD_LL_StallEP
 .text.USBD_LL_ClearStallEP
                0x0800698e       0x3e ./USB_DEVICE/Target/usbd_conf.o
                0x0800698e                USBD_LL_ClearStallEP
 .text.USBD_LL_IsStallEP
                0x080069cc       0x58 ./USB_DEVICE/Target/usbd_conf.o
                0x080069cc                USBD_LL_IsStallEP
 .text.USBD_LL_SetUSBAddress
                0x08006a24       0x3e ./USB_DEVICE/Target/usbd_conf.o
                0x08006a24                USBD_LL_SetUSBAddress
 .text.USBD_LL_Transmit
                0x08006a62       0x42 ./USB_DEVICE/Target/usbd_conf.o
                0x08006a62                USBD_LL_Transmit
 .text.USBD_LL_PrepareReceive
                0x08006aa4       0x42 ./USB_DEVICE/Target/usbd_conf.o
                0x08006aa4                USBD_LL_PrepareReceive
 .text.USBD_LL_GetRxDataSize
                0x08006ae6       0x26 ./USB_DEVICE/Target/usbd_conf.o
                0x08006ae6                USBD_LL_GetRxDataSize
 .text.USBD_static_malloc
                0x08006b0c       0x1c ./USB_DEVICE/Target/usbd_conf.o
                0x08006b0c                USBD_static_malloc
 .text.USBD_static_free
                0x08006b28       0x14 ./USB_DEVICE/Target/usbd_conf.o
                0x08006b28                USBD_static_free
 .text.USBD_Get_USB_Status
                0x08006b3c       0x58 ./USB_DEVICE/Target/usbd_conf.o
                0x08006b3c                USBD_Get_USB_Status
 .text.memset   0x08006b94       0x10 C:/Program Files/STMicroelectronics/STM32Cube/STM32CubeIDE_2.1.1/STM32CubeIDE/plugins/com.st.stm32cube.ide.mcu.externaltools.gnu-tools-for-stm32.14.3.rel1.win32_1.0.100.202602081740/tools/bin/../lib/gcc/arm-none-eabi/14.3.1/../../../../arm-none-eabi/lib/thumb/v7e-m+fp/hard\libc_nano.a(libc_a-memset.o)
                0x08006b94                memset
 .text.__libc_init_array
                0x08006ba4       0x48 C:/Program Files/STMicroelectronics/STM32Cube/STM32CubeIDE_2.1.1/STM32CubeIDE/plugins/com.st.stm32cube.ide.mcu.externaltools.gnu-tools-for-stm32.14.3.rel1.win32_1.0.100.202602081740/tools/bin/../lib/gcc/arm-none-eabi/14.3.1/../../../../arm-none-eabi/lib/thumb/v7e-m+fp/hard\libc_nano.a(libc_a-init.o)
                0x08006ba4                __libc_init_array
 *(.glue_7)
 .glue_7        0x08006bec        0x0 linker stubs
 *(.glue_7t)
 .glue_7t       0x08006bec        0x0 linker stubs
 *(.eh_frame)
 .eh_frame      0x08006bec        0x0 C:/Program Files/STMicroelectronics/STM32Cube/STM32CubeIDE_2.1.1/STM32CubeIDE/plugins/com.st.stm32cube.ide.mcu.externaltools.gnu-tools-for-stm32.14.3.rel1.win32_1.0.100.202602081740/tools/bin/../lib/gcc/arm-none-eabi/14.3.1/thumb/v7e-m+fp/hard/crtbegin.o
 *(.init)
 .init          0x08006bec        0x4 C:/Program Files/STMicroelectronics/STM32Cube/STM32CubeIDE_2.1.1/STM32CubeIDE/plugins/com.st.stm32cube.ide.mcu.externaltools.gnu-tools-for-stm32.14.3.rel1.win32_1.0.100.202602081740/tools/bin/../lib/gcc/arm-none-eabi/14.3.1/thumb/v7e-m+fp/hard/crti.o
                0x08006bec                _init
 .init          0x08006bf0        0x8 C:/Program Files/STMicroelectronics/STM32Cube/STM32CubeIDE_2.1.1/STM32CubeIDE/plugins/com.st.stm32cube.ide.mcu.externaltools.gnu-tools-for-stm32.14.3.rel1.win32_1.0.100.202602081740/tools/bin/../lib/gcc/arm-none-eabi/14.3.1/thumb/v7e-m+fp/hard/crtn.o
 *(.fini)
 .fini          0x08006bf8        0x4 C:/Program Files/STMicroelectronics/STM32Cube/STM32CubeIDE_2.1.1/STM32CubeIDE/plugins/com.st.stm32cube.ide.mcu.externaltools.gnu-tools-for-stm32.14.3.rel1.win32_1.0.100.202602081740/tools/bin/../lib/gcc/arm-none-eabi/14.3.1/thumb/v7e-m+fp/hard/crti.o
                0x08006bf8                _fini
 .fini          0x08006bfc        0x8 C:/Program Files/STMicroelectronics/STM32Cube/STM32CubeIDE_2.1.1/STM32CubeIDE/plugins/com.st.stm32cube.ide.mcu.externaltools.gnu-tools-for-stm32.14.3.rel1.win32_1.0.100.202602081740/tools/bin/../lib/gcc/arm-none-eabi/14.3.1/thumb/v7e-m+fp/hard/crtn.o
                0x08006c04                        . = ALIGN (0x4)
                0x08006c04                        _etext = .

.vfp11_veneer   0x08006c04        0x0
 .vfp11_veneer  0x08006c04        0x0 linker stubs

.v4_bx          0x08006c04        0x0
 .v4_bx         0x08006c04        0x0 linker stubs

.iplt           0x08006c04        0x0
 .iplt          0x08006c04        0x0 C:/Program Files/STMicroelectronics/STM32Cube/STM32CubeIDE_2.1.1/STM32CubeIDE/plugins/com.st.stm32cube.ide.mcu.externaltools.gnu-tools-for-stm32.14.3.rel1.win32_1.0.100.202602081740/tools/bin/../lib/gcc/arm-none-eabi/14.3.1/thumb/v7e-m+fp/hard/crtbegin.o

.rodata         0x08006c04       0x58
                0x08006c04                        . = ALIGN (0x4)
 *(.rodata)
 .rodata        0x08006c04       0x46 ./USB_DEVICE/App/usbd_desc.o
 *(.rodata*)
 *fill*         0x08006c4a        0x2 
 .rodata.AHBPrescTable
                0x08006c4c       0x10 ./Core/Src/system_stm32f4xx.o
                0x08006c4c                AHBPrescTable
                0x08006c5c                        . = ALIGN (0x4)

.ARM.extab      0x08006c5c        0x0
                0x08006c5c                        . = ALIGN (0x4)
 *(.ARM.extab* .gnu.linkonce.armextab.*)
                0x08006c5c                        . = ALIGN (0x4)

.ARM            0x08006c5c        0x8
                0x08006c5c                        . = ALIGN (0x4)
                0x08006c5c                        __exidx_start = .
 *(.ARM.exidx*)
 .ARM.exidx     0x08006c5c        0x8 C:/Program Files/STMicroelectronics/STM32Cube/STM32CubeIDE_2.1.1/STM32CubeIDE/plugins/com.st.stm32cube.ide.mcu.externaltools.gnu-tools-for-stm32.14.3.rel1.win32_1.0.100.202602081740/tools/bin/../lib/gcc/arm-none-eabi/14.3.1/thumb/v7e-m+fp/hard\libgcc.a(_udivmoddi4.o)
                0x08006c64                        __exidx_end = .
                0x08006c64                        . = ALIGN (0x4)

.preinit_array  0x08006c64        0x0
                0x08006c64                        . = ALIGN (0x4)
                0x08006c64                        PROVIDE (__preinit_array_start = .)
 *(.preinit_array*)
                0x08006c64                        PROVIDE (__preinit_array_end = .)
                0x08006c64                        . = ALIGN (0x4)

.init_array     0x08006c64        0x4
                0x08006c64                        . = ALIGN (0x4)
                0x08006c64                        PROVIDE (__init_array_start = .)
 *(SORT_BY_NAME(.init_array.*))
 *(.init_array*)
 .init_array    0x08006c64        0x4 C:/Program Files/STMicroelectronics/STM32Cube/STM32CubeIDE_2.1.1/STM32CubeIDE/plugins/com.st.stm32cube.ide.mcu.externaltools.gnu-tools-for-stm32.14.3.rel1.win32_1.0.100.202602081740/tools/bin/../lib/gcc/arm-none-eabi/14.3.1/thumb/v7e-m+fp/hard/crtbegin.o
                0x08006c68                        PROVIDE (__init_array_end = .)
                0x08006c68                        . = ALIGN (0x4)

.fini_array     0x08006c68        0x4
                0x08006c68                        . = ALIGN (0x4)
                [!provide]                        PROVIDE (__fini_array_start = .)
 *(SORT_BY_NAME(.fini_array.*))
 *(.fini_array*)
 .fini_array    0x08006c68        0x4 C:/Program Files/STMicroelectronics/STM32Cube/STM32CubeIDE_2.1.1/STM32CubeIDE/plugins/com.st.stm32cube.ide.mcu.externaltools.gnu-tools-for-stm32.14.3.rel1.win32_1.0.100.202602081740/tools/bin/../lib/gcc/arm-none-eabi/14.3.1/thumb/v7e-m+fp/hard/crtbegin.o
                [!provide]                        PROVIDE (__fini_array_end = .)
                0x08006c6c                        . = ALIGN (0x4)
                0x08006c6c                        _sidata = LOADADDR (.data)

.rel.dyn        0x08006c6c        0x0
 .rel.iplt      0x08006c6c        0x0 C:/Program Files/STMicroelectronics/STM32Cube/STM32CubeIDE_2.1.1/STM32CubeIDE/plugins/com.st.stm32cube.ide.mcu.externaltools.gnu-tools-for-stm32.14.3.rel1.win32_1.0.100.202602081740/tools/bin/../lib/gcc/arm-none-eabi/14.3.1/thumb/v7e-m+fp/hard/crtbegin.o

.data           0x20000000       0xfc load address 0x08006c6c
                0x20000000                        . = ALIGN (0x4)
                0x20000000                        _sdata = .
 *(.data)
 *(.data*)
 .data.SystemCoreClock
                0x20000000        0x4 ./Core/Src/system_stm32f4xx.o
                0x20000000                SystemCoreClock
 .data.uwTickPrio
                0x20000004        0x4 ./Drivers/STM32F4xx_HAL_Driver/Src/stm32f4xx_hal.o
                0x20000004                uwTickPrio
 .data.uwTickFreq
                0x20000008        0x1 ./Drivers/STM32F4xx_HAL_Driver/Src/stm32f4xx_hal.o
                0x20000008                uwTickFreq
 *fill*         0x20000009        0x3 
 .data.USBD_CDC_DeviceQualifierDesc
                0x2000000c        0xa ./Middlewares/ST/STM32_USB_Device_Library/Class/CDC/Src/usbd_cdc.o
 *fill*         0x20000016        0x2 
 .data.USBD_CDC
                0x20000018       0x38 ./Middlewares/ST/STM32_USB_Device_Library/Class/CDC/Src/usbd_cdc.o
                0x20000018                USBD_CDC
 .data.USBD_CDC_CfgDesc
                0x20000050       0x43 ./Middlewares/ST/STM32_USB_Device_Library/Class/CDC/Src/usbd_cdc.o
 .data.CDCInEpAdd
                0x20000093        0x1 ./Middlewares/ST/STM32_USB_Device_Library/Class/CDC/Src/usbd_cdc.o
 .data.CDCOutEpAdd
                0x20000094        0x1 ./Middlewares/ST/STM32_USB_Device_Library/Class/CDC/Src/usbd_cdc.o
 .data.CDCCmdEpAdd
                0x20000095        0x1 ./Middlewares/ST/STM32_USB_Device_Library/Class/CDC/Src/usbd_cdc.o
 *fill*         0x20000096        0x2 
 .data.USBD_Interface_fops_FS
                0x20000098       0x14 ./USB_DEVICE/App/usbd_cdc_if.o
                0x20000098                USBD_Interface_fops_FS
 .data.FS_Desc  0x200000ac       0x1c ./USB_DEVICE/App/usbd_desc.o
                0x200000ac                FS_Desc
 .data.USBD_FS_DeviceDesc
                0x200000c8       0x12 ./USB_DEVICE/App/usbd_desc.o
                0x200000c8                USBD_FS_DeviceDesc
 *fill*         0x200000da        0x2 
 .data.USBD_LangIDDesc
                0x200000dc        0x4 ./USB_DEVICE/App/usbd_desc.o
                0x200000dc                USBD_LangIDDesc
 .data.USBD_StringSerial
                0x200000e0       0x1a ./USB_DEVICE/App/usbd_desc.o
                0x200000e0                USBD_StringSerial
 *(.RamFunc)
 *(.RamFunc*)
                0x200000fc                        . = ALIGN (0x4)
 *fill*         0x200000fa        0x2 
                0x200000fc                        _edata = .

.igot.plt       0x200000fc        0x0 load address 0x08006d68
 .igot.plt      0x200000fc        0x0 C:/Program Files/STMicroelectronics/STM32Cube/STM32CubeIDE_2.1.1/STM32CubeIDE/plugins/com.st.stm32cube.ide.mcu.externaltools.gnu-tools-for-stm32.14.3.rel1.win32_1.0.100.202602081740/tools/bin/../lib/gcc/arm-none-eabi/14.3.1/thumb/v7e-m+fp/hard/crtbegin.o
                0x200000fc                        . = ALIGN (0x4)

.bss            0x200000fc     0x1408 load address 0x08006d68
                0x200000fc                        _sbss = .
                0x200000fc                        __bss_start__ = _sbss
 *(.bss)
 .bss           0x200000fc       0x1c C:/Program Files/STMicroelectronics/STM32Cube/STM32CubeIDE_2.1.1/STM32CubeIDE/plugins/com.st.stm32cube.ide.mcu.externaltools.gnu-tools-for-stm32.14.3.rel1.win32_1.0.100.202602081740/tools/bin/../lib/gcc/arm-none-eabi/14.3.1/thumb/v7e-m+fp/hard/crtbegin.o
 *(.bss*)
 .bss.data      0x20000118        0x1 ./Core/Src/main.o
                0x20000118                data
 *fill*         0x20000119        0x3 
 .bss.uwTick    0x2000011c        0x4 ./Drivers/STM32F4xx_HAL_Driver/Src/stm32f4xx_hal.o
                0x2000011c                uwTick
 .bss.cfgidx.0  0x20000120        0x1 ./Middlewares/ST/STM32_USB_Device_Library/Core/Src/usbd_ctlreq.o
 *fill*         0x20000121        0x3 
 .bss.hUsbDeviceFS
                0x20000124      0x2dc ./USB_DEVICE/App/usb_device.o
                0x20000124                hUsbDeviceFS
 .bss.UserRxBufferFS
                0x20000400      0x400 ./USB_DEVICE/App/usbd_cdc_if.o
                0x20000400                UserRxBufferFS
 .bss.UserTxBufferFS
                0x20000800      0x400 ./USB_DEVICE/App/usbd_cdc_if.o
                0x20000800                UserTxBufferFS
 .bss.USBD_StrDesc
                0x20000c00      0x200 ./USB_DEVICE/App/usbd_desc.o
                0x20000c00                USBD_StrDesc
 .bss.hpcd_USB_OTG_FS
                0x20000e00      0x4e4 ./USB_DEVICE/Target/usbd_conf.o
                0x20000e00                hpcd_USB_OTG_FS
 .bss.mem.0     0x200012e4      0x220 ./USB_DEVICE/Target/usbd_conf.o
 *(COMMON)
                0x20001504                        . = ALIGN (0x4)
                0x20001504                        _ebss = .
                0x20001504                        __bss_end__ = _ebss

._user_heap_stack
                0x20001504      0x604 load address 0x08006d68
                0x20001508                        . = ALIGN (0x8)
 *fill*         0x20001504        0x4 
                [!provide]                        PROVIDE (end = .)
                0x20001508                        PROVIDE (_end = .)
                0x20001708                        . = (. + _Min_Heap_Size)
 *fill*         0x20001508      0x200 
                0x20001b08                        . = (. + _Min_Stack_Size)
 *fill*         0x20001708      0x400 
                0x20001b08                        . = ALIGN (0x8)

/DISCARD/
 libc.a(*)
 libm.a(*)
 libgcc.a(*)

.ARM.attributes
                0x00000000       0x30
 *(.ARM.attributes)
 .ARM.attributes
                0x00000000       0x22 C:/Program Files/STMicroelectronics/STM32Cube/STM32CubeIDE_2.1.1/STM32CubeIDE/plugins/com.st.stm32cube.ide.mcu.externaltools.gnu-tools-for-stm32.14.3.rel1.win32_1.0.100.202602081740/tools/bin/../lib/gcc/arm-none-eabi/14.3.1/thumb/v7e-m+fp/hard/crti.o
 .ARM.attributes
                0x00000022       0x34 C:/Program Files/STMicroelectronics/STM32Cube/STM32CubeIDE_2.1.1/STM32CubeIDE/plugins/com.st.stm32cube.ide.mcu.externaltools.gnu-tools-for-stm32.14.3.rel1.win32_1.0.100.202602081740/tools/bin/../lib/gcc/arm-none-eabi/14.3.1/thumb/v7e-m+fp/hard/crtbegin.o
 .ARM.attributes
                0x00000056       0x34 ./Core/Src/main.o
 .ARM.attributes
                0x0000008a       0x34 ./Core/Src/stm32f4xx_hal_msp.o
 .ARM.attributes
                0x000000be       0x34 ./Core/Src/stm32f4xx_it.o
 .ARM.attributes
                0x000000f2       0x34 ./Core/Src/system_stm32f4xx.o
 .ARM.attributes
                0x00000126       0x21 ./Core/Startup/startup_stm32f401ccux.o
 .ARM.attributes
                0x00000147       0x34 ./Drivers/STM32F4xx_HAL_Driver/Src/stm32f4xx_hal.o
 .ARM.attributes
                0x0000017b       0x34 ./Drivers/STM32F4xx_HAL_Driver/Src/stm32f4xx_hal_cortex.o
 .ARM.attributes
                0x000001af       0x34 ./Drivers/STM32F4xx_HAL_Driver/Src/stm32f4xx_hal_gpio.o
 .ARM.attributes
                0x000001e3       0x34 ./Drivers/STM32F4xx_HAL_Driver/Src/stm32f4xx_hal_pcd.o
 .ARM.attributes
                0x00000217       0x34 ./Drivers/STM32F4xx_HAL_Driver/Src/stm32f4xx_hal_pcd_ex.o
 .ARM.attributes
                0x0000024b       0x34 ./Drivers/STM32F4xx_HAL_Driver/Src/stm32f4xx_hal_rcc.o
 .ARM.attributes
                0x0000027f       0x34 ./Drivers/STM32F4xx_HAL_Driver/Src/stm32f4xx_ll_usb.o
 .ARM.attributes
                0x000002b3       0x34 ./Middlewares/ST/STM32_USB_Device_Library/Class/CDC/Src/usbd_cdc.o
 .ARM.attributes
                0x000002e7       0x34 ./Middlewares/ST/STM32_USB_Device_Library/Core/Src/usbd_core.o
 .ARM.attributes
                0x0000031b       0x34 ./Middlewares/ST/STM32_USB_Device_Library/Core/Src/usbd_ctlreq.o
 .ARM.attributes
                0x0000034f       0x34 ./Middlewares/ST/STM32_USB_Device_Library/Core/Src/usbd_ioreq.o
 .ARM.attributes
                0x00000383       0x34 ./USB_DEVICE/App/usb_device.o
 .ARM.attributes
                0x000003b7       0x34 ./USB_DEVICE/App/usbd_cdc_if.o
 .ARM.attributes
                0x000003eb       0x34 ./USB_DEVICE/App/usbd_desc.o
 .ARM.attributes
                0x0000041f       0x34 ./USB_DEVICE/Target/usbd_conf.o
 .ARM.attributes
                0x00000453       0x34 C:/Program Files/STMicroelectronics/STM32Cube/STM32CubeIDE_2.1.1/STM32CubeIDE/plugins/com.st.stm32cube.ide.mcu.externaltools.gnu-tools-for-stm32.14.3.rel1.win32_1.0.100.202602081740/tools/bin/../lib/gcc/arm-none-eabi/14.3.1/../../../../arm-none-eabi/lib/thumb/v7e-m+fp/hard\libc_nano.a(libc_a-memset.o)
 .ARM.attributes
                0x00000487       0x34 C:/Program Files/STMicroelectronics/STM32Cube/STM32CubeIDE_2.1.1/STM32CubeIDE/plugins/com.st.stm32cube.ide.mcu.externaltools.gnu-tools-for-stm32.14.3.rel1.win32_1.0.100.202602081740/tools/bin/../lib/gcc/arm-none-eabi/14.3.1/../../../../arm-none-eabi/lib/thumb/v7e-m+fp/hard\libc_nano.a(libc_a-init.o)
 .ARM.attributes
                0x000004bb       0x22 C:/Program Files/STMicroelectronics/STM32Cube/STM32CubeIDE_2.1.1/STM32CubeIDE/plugins/com.st.stm32cube.ide.mcu.externaltools.gnu-tools-for-stm32.14.3.rel1.win32_1.0.100.202602081740/tools/bin/../lib/gcc/arm-none-eabi/14.3.1/thumb/v7e-m+fp/hard\libgcc.a(_aeabi_uldivmod.o)
 .ARM.attributes
                0x000004dd       0x34 C:/Program Files/STMicroelectronics/STM32Cube/STM32CubeIDE_2.1.1/STM32CubeIDE/plugins/com.st.stm32cube.ide.mcu.externaltools.gnu-tools-for-stm32.14.3.rel1.win32_1.0.100.202602081740/tools/bin/../lib/gcc/arm-none-eabi/14.3.1/thumb/v7e-m+fp/hard\libgcc.a(_udivmoddi4.o)
 .ARM.attributes
                0x00000511       0x22 C:/Program Files/STMicroelectronics/STM32Cube/STM32CubeIDE_2.1.1/STM32CubeIDE/plugins/com.st.stm32cube.ide.mcu.externaltools.gnu-tools-for-stm32.14.3.rel1.win32_1.0.100.202602081740/tools/bin/../lib/gcc/arm-none-eabi/14.3.1/thumb/v7e-m+fp/hard\libgcc.a(_dvmd_tls.o)
 .ARM.attributes
                0x00000533       0x22 C:/Program Files/STMicroelectronics/STM32Cube/STM32CubeIDE_2.1.1/STM32CubeIDE/plugins/com.st.stm32cube.ide.mcu.externaltools.gnu-tools-for-stm32.14.3.rel1.win32_1.0.100.202602081740/tools/bin/../lib/gcc/arm-none-eabi/14.3.1/thumb/v7e-m+fp/hard/crtn.o
OUTPUT(PcSide.elf elf32-littlearm)
LOAD linker stubs
LOAD C:/Program Files/STMicroelectronics/STM32Cube/STM32CubeIDE_2.1.1/STM32CubeIDE/plugins/com.st.stm32cube.ide.mcu.externaltools.gnu-tools-for-stm32.14.3.rel1.win32_1.0.100.202602081740/tools/bin/../lib/gcc/arm-none-eabi/14.3.1/../../../../arm-none-eabi/lib/thumb/v7e-m+fp/hard\libc.a
LOAD C:/Program Files/STMicroelectronics/STM32Cube/STM32CubeIDE_2.1.1/STM32CubeIDE/plugins/com.st.stm32cube.ide.mcu.externaltools.gnu-tools-for-stm32.14.3.rel1.win32_1.0.100.202602081740/tools/bin/../lib/gcc/arm-none-eabi/14.3.1/../../../../arm-none-eabi/lib/thumb/v7e-m+fp/hard\libm.a
LOAD C:/Program Files/STMicroelectronics/STM32Cube/STM32CubeIDE_2.1.1/STM32CubeIDE/plugins/com.st.stm32cube.ide.mcu.externaltools.gnu-tools-for-stm32.14.3.rel1.win32_1.0.100.202602081740/tools/bin/../lib/gcc/arm-none-eabi/14.3.1/thumb/v7e-m+fp/hard\libgcc.a

.debug_info     0x00000000     0xd47d
 .debug_info    0x00000000      0x6ec ./Core/Src/main.o
 .debug_info    0x000006ec      0x291 ./Core/Src/stm32f4xx_hal_msp.o
 .debug_info    0x0000097d      0x627 ./Core/Src/stm32f4xx_it.o
 .debug_info    0x00000fa4      0x53e ./Core/Src/system_stm32f4xx.o
 .debug_info    0x000014e2       0x30 ./Core/Startup/startup_stm32f401ccux.o
 .debug_info    0x00001512      0x8bb ./Drivers/STM32F4xx_HAL_Driver/Src/stm32f4xx_hal.o
 .debug_info    0x00001dcd      0xcf6 ./Drivers/STM32F4xx_HAL_Driver/Src/stm32f4xx_hal_cortex.o
 .debug_info    0x00002ac3      0x6f9 ./Drivers/STM32F4xx_HAL_Driver/Src/stm32f4xx_hal_gpio.o
 .debug_info    0x000031bc     0x1577 ./Drivers/STM32F4xx_HAL_Driver/Src/stm32f4xx_hal_pcd.o
 .debug_info    0x00004733      0x6ea ./Drivers/STM32F4xx_HAL_Driver/Src/stm32f4xx_hal_pcd_ex.o
 .debug_info    0x00004e1d      0x905 ./Drivers/STM32F4xx_HAL_Driver/Src/stm32f4xx_hal_rcc.o
 .debug_info    0x00005722     0x1993 ./Drivers/STM32F4xx_HAL_Driver/Src/stm32f4xx_ll_usb.o
 .debug_info    0x000070b5     0x12a5 ./Middlewares/ST/STM32_USB_Device_Library/Class/CDC/Src/usbd_cdc.o
 .debug_info    0x0000835a      0xe12 ./Middlewares/ST/STM32_USB_Device_Library/Core/Src/usbd_core.o
 .debug_info    0x0000916c      0xaeb ./Middlewares/ST/STM32_USB_Device_Library/Core/Src/usbd_ctlreq.o
 .debug_info    0x00009c57      0x762 ./Middlewares/ST/STM32_USB_Device_Library/Core/Src/usbd_ioreq.o
 .debug_info    0x0000a3b9      0x70e ./USB_DEVICE/App/usb_device.o
 .debug_info    0x0000aac7      0x951 ./USB_DEVICE/App/usbd_cdc_if.o
 .debug_info    0x0000b418      0x458 ./USB_DEVICE/App/usbd_desc.o
 .debug_info    0x0000b870     0x1c0d ./USB_DEVICE/Target/usbd_conf.o

.debug_abbrev   0x00000000     0x29d6
 .debug_abbrev  0x00000000      0x231 ./Core/Src/main.o
 .debug_abbrev  0x00000231       0xd8 ./Core/Src/stm32f4xx_hal_msp.o
 .debug_abbrev  0x00000309      0x1a4 ./Core/Src/stm32f4xx_it.o
 .debug_abbrev  0x000004ad      0x11a ./Core/Src/system_stm32f4xx.o
 .debug_abbrev  0x000005c7       0x24 ./Core/Startup/startup_stm32f401ccux.o
 .debug_abbrev  0x000005eb      0x24b ./Drivers/STM32F4xx_HAL_Driver/Src/stm32f4xx_hal.o
 .debug_abbrev  0x00000836      0x31d ./Drivers/STM32F4xx_HAL_Driver/Src/stm32f4xx_hal_cortex.o
 .debug_abbrev  0x00000b53      0x1d3 ./Drivers/STM32F4xx_HAL_Driver/Src/stm32f4xx_hal_gpio.o
 .debug_abbrev  0x00000d26      0x2b6 ./Drivers/STM32F4xx_HAL_Driver/Src/stm32f4xx_hal_pcd.o
 .debug_abbrev  0x00000fdc      0x1da ./Drivers/STM32F4xx_HAL_Driver/Src/stm32f4xx_hal_pcd_ex.o
 .debug_abbrev  0x000011b6      0x2b6 ./Drivers/STM32F4xx_HAL_Driver/Src/stm32f4xx_hal_rcc.o
 .debug_abbrev  0x0000146c      0x2b3 ./Drivers/STM32F4xx_HAL_Driver/Src/stm32f4xx_ll_usb.o
 .debug_abbrev  0x0000171f      0x2d2 ./Middlewares/ST/STM32_USB_Device_Library/Class/CDC/Src/usbd_cdc.o
 .debug_abbrev  0x000019f1      0x27c ./Middlewares/ST/STM32_USB_Device_Library/Core/Src/usbd_core.o
 .debug_abbrev  0x00001c6d      0x26f ./Middlewares/ST/STM32_USB_Device_Library/Core/Src/usbd_ctlreq.o
 .debug_abbrev  0x00001edc      0x19a ./Middlewares/ST/STM32_USB_Device_Library/Core/Src/usbd_ioreq.o
 .debug_abbrev  0x00002076      0x195 ./USB_DEVICE/App/usb_device.o
 .debug_abbrev  0x0000220b      0x2ab ./USB_DEVICE/App/usbd_cdc_if.o
 .debug_abbrev  0x000024b6      0x1e1 ./USB_DEVICE/App/usbd_desc.o
 .debug_abbrev  0x00002697      0x33f ./USB_DEVICE/Target/usbd_conf.o

.debug_aranges  0x00000000      0xb50
 .debug_aranges
                0x00000000       0x38 ./Core/Src/main.o
 .debug_aranges
                0x00000038       0x20 ./Core/Src/stm32f4xx_hal_msp.o
 .debug_aranges
                0x00000058       0x68 ./Core/Src/stm32f4xx_it.o
 .debug_aranges
                0x000000c0       0x28 ./Core/Src/system_stm32f4xx.o
 .debug_aranges
                0x000000e8       0x28 ./Core/Startup/startup_stm32f401ccux.o
 .debug_aranges
                0x00000110       0xf0 ./Drivers/STM32F4xx_HAL_Driver/Src/stm32f4xx_hal.o
 .debug_aranges
                0x00000200      0x130 ./Drivers/STM32F4xx_HAL_Driver/Src/stm32f4xx_hal_cortex.o
 .debug_aranges
                0x00000330       0x58 ./Drivers/STM32F4xx_HAL_Driver/Src/stm32f4xx_hal_gpio.o
 .debug_aranges
                0x00000388      0x148 ./Drivers/STM32F4xx_HAL_Driver/Src/stm32f4xx_hal_pcd.o
 .debug_aranges
                0x000004d0       0x38 ./Drivers/STM32F4xx_HAL_Driver/Src/stm32f4xx_hal_pcd_ex.o
 .debug_aranges
                0x00000508       0x88 ./Drivers/STM32F4xx_HAL_Driver/Src/stm32f4xx_hal_rcc.o
 .debug_aranges
                0x00000590      0x1a0 ./Drivers/STM32F4xx_HAL_Driver/Src/stm32f4xx_ll_usb.o
 .debug_aranges
                0x00000730       0x90 ./Middlewares/ST/STM32_USB_Device_Library/Class/CDC/Src/usbd_cdc.o
 .debug_aranges
                0x000007c0       0xd8 ./Middlewares/ST/STM32_USB_Device_Library/Core/Src/usbd_core.o
 .debug_aranges
                0x00000898       0x90 ./Middlewares/ST/STM32_USB_Device_Library/Core/Src/usbd_ctlreq.o
 .debug_aranges
                0x00000928       0x50 ./Middlewares/ST/STM32_USB_Device_Library/Core/Src/usbd_ioreq.o
 .debug_aranges
                0x00000978       0x20 ./USB_DEVICE/App/usb_device.o
 .debug_aranges
                0x00000998       0x48 ./USB_DEVICE/App/usbd_cdc_if.o
 .debug_aranges
                0x000009e0       0x60 ./USB_DEVICE/App/usbd_desc.o
 .debug_aranges
                0x00000a40      0x110 ./USB_DEVICE/Target/usbd_conf.o

.debug_rnglists
                0x00000000      0x854
 .debug_rnglists
                0x00000000       0x27 ./Core/Src/main.o
 .debug_rnglists
                0x00000027       0x13 ./Core/Src/stm32f4xx_hal_msp.o
 .debug_rnglists
                0x0000003a       0x49 ./Core/Src/stm32f4xx_it.o
 .debug_rnglists
                0x00000083       0x1a ./Core/Src/system_stm32f4xx.o
 .debug_rnglists
                0x0000009d       0x19 ./Core/Startup/startup_stm32f401ccux.o
 .debug_rnglists
                0x000000b6       0xaf ./Drivers/STM32F4xx_HAL_Driver/Src/stm32f4xx_hal.o
 .debug_rnglists
                0x00000165       0xe0 ./Drivers/STM32F4xx_HAL_Driver/Src/stm32f4xx_hal_cortex.o
 .debug_rnglists
                0x00000245       0x3f ./Drivers/STM32F4xx_HAL_Driver/Src/stm32f4xx_hal_gpio.o
 .debug_rnglists
                0x00000284       0xfa ./Drivers/STM32F4xx_HAL_Driver/Src/stm32f4xx_hal_pcd.o
 .debug_rnglists
                0x0000037e       0x26 ./Drivers/STM32F4xx_HAL_Driver/Src/stm32f4xx_hal_pcd_ex.o
 .debug_rnglists
                0x000003a4       0x66 ./Drivers/STM32F4xx_HAL_Driver/Src/stm32f4xx_hal_rcc.o
 .debug_rnglists
                0x0000040a      0x147 ./Drivers/STM32F4xx_HAL_Driver/Src/stm32f4xx_ll_usb.o
 .debug_rnglists
                0x00000551       0x6c ./Middlewares/ST/STM32_USB_Device_Library/Class/CDC/Src/usbd_cdc.o
 .debug_rnglists
                0x000005bd       0xa1 ./Middlewares/ST/STM32_USB_Device_Library/Core/Src/usbd_core.o
 .debug_rnglists
                0x0000065e       0x6e ./Middlewares/ST/STM32_USB_Device_Library/Core/Src/usbd_ctlreq.o
 .debug_rnglists
                0x000006cc       0x37 ./Middlewares/ST/STM32_USB_Device_Library/Core/Src/usbd_ioreq.o
 .debug_rnglists
                0x00000703       0x13 ./USB_DEVICE/App/usb_device.o
 .debug_rnglists
                0x00000716       0x32 ./USB_DEVICE/App/usbd_cdc_if.o
 .debug_rnglists
                0x00000748       0x43 ./USB_DEVICE/App/usbd_desc.o
 .debug_rnglists
                0x0000078b       0xc9 ./USB_DEVICE/Target/usbd_conf.o

.debug_macro    0x00000000    0x17ae6
 .debug_macro   0x00000000      0x347 ./Core/Src/main.o
 .debug_macro   0x00000347      0xad8 ./Core/Src/main.o
 .debug_macro   0x00000e1f      0x295 ./Core/Src/main.o
 .debug_macro   0x000010b4       0x2e ./Core/Src/main.o
 .debug_macro   0x000010e2       0x28 ./Core/Src/main.o
 .debug_macro   0x0000110a       0x22 ./Core/Src/main.o
 .debug_macro   0x0000112c       0x8e ./Core/Src/main.o
 .debug_macro   0x000011ba       0x51 ./Core/Src/main.o
 .debug_macro   0x0000120b      0x103 ./Core/Src/main.o
 .debug_macro   0x0000130e       0x6a ./Core/Src/main.o
 .debug_macro   0x00001378      0x1df ./Core/Src/main.o
 .debug_macro   0x00001557       0x1c ./Core/Src/main.o
 .debug_macro   0x00001573       0x22 ./Core/Src/main.o
 .debug_macro   0x00001595       0xfb ./Core/Src/main.o
 .debug_macro   0x00001690     0x1011 ./Core/Src/main.o
 .debug_macro   0x000026a1      0x11f ./Core/Src/main.o
 .debug_macro   0x000027c0     0xb881 ./Core/Src/main.o
 .debug_macro   0x0000e041       0x6d ./Core/Src/main.o
 .debug_macro   0x0000e0ae     0x3693 ./Core/Src/main.o
 .debug_macro   0x00011741      0x190 ./Core/Src/main.o
 .debug_macro   0x000118d1       0x5c ./Core/Src/main.o
 .debug_macro   0x0001192d      0x416 ./Core/Src/main.o
 .debug_macro   0x00011d43      0x9e9 ./Core/Src/main.o
 .debug_macro   0x0001272c      0x115 ./Core/Src/main.o
 .debug_macro   0x00012841       0xf8 ./Core/Src/main.o
 .debug_macro   0x00012939       0xa5 ./Core/Src/main.o
 .debug_macro   0x000129de      0x15f ./Core/Src/main.o
 .debug_macro   0x00012b3d      0x287 ./Core/Src/main.o
 .debug_macro   0x00012dc4       0x5f ./Core/Src/main.o
 .debug_macro   0x00012e23      0x236 ./Core/Src/main.o
 .debug_macro   0x00013059      0x132 ./Core/Src/main.o
 .debug_macro   0x0001318b      0x23a ./Core/Src/main.o
 .debug_macro   0x000133c5       0x2e ./Core/Src/main.o
 .debug_macro   0x000133f3      0x127 ./Core/Src/main.o
 .debug_macro   0x0001351a       0x85 ./Core/Src/main.o
 .debug_macro   0x0001359f       0x89 ./Core/Src/main.o
 .debug_macro   0x00013628      0x293 ./Core/Src/main.o
 .debug_macro   0x000138bb       0xba ./Core/Src/main.o
 .debug_macro   0x00013975      0x126 ./Core/Src/main.o
 .debug_macro   0x00013a9b       0x10 ./Core/Src/main.o
 .debug_macro   0x00013aab       0x61 ./Core/Src/main.o
 .debug_macro   0x00013b0c       0x2a ./Core/Src/main.o
 .debug_macro   0x00013b36       0x43 ./Core/Src/main.o
 .debug_macro   0x00013b79       0x34 ./Core/Src/main.o
 .debug_macro   0x00013bad       0x16 ./Core/Src/main.o
 .debug_macro   0x00013bc3       0x3c ./Core/Src/main.o
 .debug_macro   0x00013bff      0x364 ./Core/Src/main.o
 .debug_macro   0x00013f63       0x10 ./Core/Src/main.o
 .debug_macro   0x00013f73       0x16 ./Core/Src/main.o
 .debug_macro   0x00013f89       0x4a ./Core/Src/main.o
 .debug_macro   0x00013fd3       0x34 ./Core/Src/main.o
 .debug_macro   0x00014007       0x10 ./Core/Src/main.o
 .debug_macro   0x00014017       0x58 ./Core/Src/main.o
 .debug_macro   0x0001406f       0x8e ./Core/Src/main.o
 .debug_macro   0x000140fd       0x1c ./Core/Src/main.o
 .debug_macro   0x00014119      0x17e ./Core/Src/main.o
 .debug_macro   0x00014297       0x16 ./Core/Src/main.o
 .debug_macro   0x000142ad       0x16 ./Core/Src/main.o
 .debug_macro   0x000142c3      0x146 ./Core/Src/main.o
 .debug_macro   0x00014409       0x16 ./Core/Src/main.o
 .debug_macro   0x0001441f       0x16 ./Core/Src/main.o
 .debug_macro   0x00014435       0x29 ./Core/Src/main.o
 .debug_macro   0x0001445e       0x16 ./Core/Src/main.o
 .debug_macro   0x00014474       0x20 ./Core/Src/main.o
 .debug_macro   0x00014494       0x65 ./Core/Src/main.o
 .debug_macro   0x000144f9      0x20f ./Core/Src/main.o
 .debug_macro   0x00014708      0x1e3 ./Core/Src/stm32f4xx_hal_msp.o
 .debug_macro   0x000148eb      0x1ed ./Core/Src/stm32f4xx_it.o
 .debug_macro   0x00014ad8      0x1d4 ./Core/Src/system_stm32f4xx.o
 .debug_macro   0x00014cac      0x234 ./Drivers/STM32F4xx_HAL_Driver/Src/stm32f4xx_hal.o
 .debug_macro   0x00014ee0      0x1d4 ./Drivers/STM32F4xx_HAL_Driver/Src/stm32f4xx_hal_cortex.o
 .debug_macro   0x000150b4      0x1da ./Drivers/STM32F4xx_HAL_Driver/Src/stm32f4xx_hal_gpio.o
 .debug_macro   0x0001528e      0x1e0 ./Drivers/STM32F4xx_HAL_Driver/Src/stm32f4xx_hal_pcd.o
 .debug_macro   0x0001546e      0x1d4 ./Drivers/STM32F4xx_HAL_Driver/Src/stm32f4xx_hal_pcd_ex.o
 .debug_macro   0x00015642      0x1f8 ./Drivers/STM32F4xx_HAL_Driver/Src/stm32f4xx_hal_rcc.o
 .debug_macro   0x0001583a      0x1d4 ./Drivers/STM32F4xx_HAL_Driver/Src/stm32f4xx_ll_usb.o
 .debug_macro   0x00015a0e      0x372 ./Middlewares/ST/STM32_USB_Device_Library/Class/CDC/Src/usbd_cdc.o
 .debug_macro   0x00015d80       0x9e ./Middlewares/ST/STM32_USB_Device_Library/Class/CDC/Src/usbd_cdc.o
 .debug_macro   0x00015e1e      0x112 ./Middlewares/ST/STM32_USB_Device_Library/Class/CDC/Src/usbd_cdc.o
 .debug_macro   0x00015f30       0x56 ./Middlewares/ST/STM32_USB_Device_Library/Class/CDC/Src/usbd_cdc.o
 .debug_macro   0x00015f86       0x95 ./Middlewares/ST/STM32_USB_Device_Library/Class/CDC/Src/usbd_cdc.o
 .debug_macro   0x0001601b      0x359 ./Middlewares/ST/STM32_USB_Device_Library/Core/Src/usbd_core.o
 .debug_macro   0x00016374      0x215 ./Middlewares/ST/STM32_USB_Device_Library/Core/Src/usbd_core.o
 .debug_macro   0x00016589      0x363 ./Middlewares/ST/STM32_USB_Device_Library/Core/Src/usbd_ctlreq.o
 .debug_macro   0x000168ec      0x35f ./Middlewares/ST/STM32_USB_Device_Library/Core/Src/usbd_ioreq.o
 .debug_macro   0x00016c4b      0x392 ./USB_DEVICE/App/usb_device.o
 .debug_macro   0x00016fdd       0x16 ./USB_DEVICE/App/usb_device.o
 .debug_macro   0x00016ff3       0x22 ./USB_DEVICE/App/usb_device.o
 .debug_macro   0x00017015       0x16 ./USB_DEVICE/App/usb_device.o
 .debug_macro   0x0001702b      0x37d ./USB_DEVICE/App/usbd_cdc_if.o
 .debug_macro   0x000173a8       0x10 ./USB_DEVICE/App/usbd_cdc_if.o
 .debug_macro   0x000173b8      0x39c ./USB_DEVICE/App/usbd_desc.o
 .debug_macro   0x00017754       0x1c ./USB_DEVICE/App/usbd_desc.o
 .debug_macro   0x00017770      0x376 ./USB_DEVICE/Target/usbd_conf.o

.debug_line     0x00000000     0xf5ee
 .debug_line    0x00000000      0xa69 ./Core/Src/main.o
 .debug_line    0x00000a69      0x758 ./Core/Src/stm32f4xx_hal_msp.o
 .debug_line    0x000011c1      0x81f ./Core/Src/stm32f4xx_it.o
 .debug_line    0x000019e0      0x7ce ./Core/Src/system_stm32f4xx.o
 .debug_line    0x000021ae       0x7a ./Core/Startup/startup_stm32f401ccux.o
 .debug_line    0x00002228      0xa4d ./Drivers/STM32F4xx_HAL_Driver/Src/stm32f4xx_hal.o
 .debug_line    0x00002c75      0xd1a ./Drivers/STM32F4xx_HAL_Driver/Src/stm32f4xx_hal_cortex.o
 .debug_line    0x0000398f      0xb63 ./Drivers/STM32F4xx_HAL_Driver/Src/stm32f4xx_hal_gpio.o
 .debug_line    0x000044f2     0x1493 ./Drivers/STM32F4xx_HAL_Driver/Src/stm32f4xx_hal_pcd.o
 .debug_line    0x00005985      0x813 ./Drivers/STM32F4xx_HAL_Driver/Src/stm32f4xx_hal_pcd_ex.o
 .debug_line    0x00006198      0xe57 ./Drivers/STM32F4xx_HAL_Driver/Src/stm32f4xx_hal_rcc.o
 .debug_line    0x00006fef     0x1d28 ./Drivers/STM32F4xx_HAL_Driver/Src/stm32f4xx_ll_usb.o
 .debug_line    0x00008d17      0xee0 ./Middlewares/ST/STM32_USB_Device_Library/Class/CDC/Src/usbd_cdc.o
 .debug_line    0x00009bf7      0xf98 ./Middlewares/ST/STM32_USB_Device_Library/Core/Src/usbd_core.o
 .debug_line    0x0000ab8f     0x115a ./Middlewares/ST/STM32_USB_Device_Library/Core/Src/usbd_ctlreq.o
 .debug_line    0x0000bce9      0xa9f ./Middlewares/ST/STM32_USB_Device_Library/Core/Src/usbd_ioreq.o
 .debug_line    0x0000c788      0xa65 ./USB_DEVICE/App/usb_device.o
 .debug_line    0x0000d1ed      0xabb ./USB_DEVICE/App/usbd_cdc_if.o
 .debug_line    0x0000dca8      0xb0e ./USB_DEVICE/App/usbd_desc.o
 .debug_line    0x0000e7b6      0xe38 ./USB_DEVICE/Target/usbd_conf.o

.debug_str      0x00000000    0x8646e
 .debug_str     0x00000000    0x8646e ./Core/Src/main.o
                              0x82f31 (size before relaxing)
 .debug_str     0x0008646e    0x7e9d5 ./Core/Src/stm32f4xx_hal_msp.o
 .debug_str     0x0008646e    0x7ed7c ./Core/Src/stm32f4xx_it.o
 .debug_str     0x0008646e    0x7ea53 ./Core/Src/system_stm32f4xx.o
 .debug_str     0x0008646e       0x83 ./Core/Startup/startup_stm32f401ccux.o
 .debug_str     0x0008646e    0x7f475 ./Drivers/STM32F4xx_HAL_Driver/Src/stm32f4xx_hal.o
 .debug_str     0x0008646e    0x7f1df ./Drivers/STM32F4xx_HAL_Driver/Src/stm32f4xx_hal_cortex.o
 .debug_str     0x0008646e    0x7ebce ./Drivers/STM32F4xx_HAL_Driver/Src/stm32f4xx_hal_gpio.o
 .debug_str     0x0008646e    0x7f51f ./Drivers/STM32F4xx_HAL_Driver/Src/stm32f4xx_hal_pcd.o
 .debug_str     0x0008646e    0x7ee0f ./Drivers/STM32F4xx_HAL_Driver/Src/stm32f4xx_hal_pcd_ex.o
 .debug_str     0x0008646e    0x7ee87 ./Drivers/STM32F4xx_HAL_Driver/Src/stm32f4xx_hal_rcc.o
 .debug_str     0x0008646e    0x7f3fa ./Drivers/STM32F4xx_HAL_Driver/Src/stm32f4xx_ll_usb.o
 .debug_str     0x0008646e    0x83a72 ./Middlewares/ST/STM32_USB_Device_Library/Class/CDC/Src/usbd_cdc.o
 .debug_str     0x0008646e    0x833d2 ./Middlewares/ST/STM32_USB_Device_Library/Core/Src/usbd_core.o
 .debug_str     0x0008646e    0x831fd ./Middlewares/ST/STM32_USB_Device_Library/Core/Src/usbd_ctlreq.o
 .debug_str     0x0008646e    0x830d2 ./Middlewares/ST/STM32_USB_Device_Library/Core/Src/usbd_ioreq.o
 .debug_str     0x0008646e    0x83485 ./USB_DEVICE/App/usb_device.o
 .debug_str     0x0008646e    0x834cc ./USB_DEVICE/App/usbd_cdc_if.o
 .debug_str     0x0008646e    0x82fca ./USB_DEVICE/App/usbd_desc.o
 .debug_str     0x0008646e    0x84177 ./USB_DEVICE/Target/usbd_conf.o

.comment        0x00000000       0x43
 .comment       0x00000000       0x43 ./Core/Src/main.o
                                 0x44 (size before relaxing)
 .comment       0x00000043       0x44 ./Core/Src/stm32f4xx_hal_msp.o
 .comment       0x00000043       0x44 ./Core/Src/stm32f4xx_it.o
 .comment       0x00000043       0x44 ./Core/Src/system_stm32f4xx.o
 .comment       0x00000043       0x44 ./Drivers/STM32F4xx_HAL_Driver/Src/stm32f4xx_hal.o
 .comment       0x00000043       0x44 ./Drivers/STM32F4xx_HAL_Driver/Src/stm32f4xx_hal_cortex.o
 .comment       0x00000043       0x44 ./Drivers/STM32F4xx_HAL_Driver/Src/stm32f4xx_hal_gpio.o
 .comment       0x00000043       0x44 ./Drivers/STM32F4xx_HAL_Driver/Src/stm32f4xx_hal_pcd.o
 .comment       0x00000043       0x44 ./Drivers/STM32F4xx_HAL_Driver/Src/stm32f4xx_hal_pcd_ex.o
 .comment       0x00000043       0x44 ./Drivers/STM32F4xx_HAL_Driver/Src/stm32f4xx_hal_rcc.o
 .comment       0x00000043       0x44 ./Drivers/STM32F4xx_HAL_Driver/Src/stm32f4xx_ll_usb.o
 .comment       0x00000043       0x44 ./Middlewares/ST/STM32_USB_Device_Library/Class/CDC/Src/usbd_cdc.o
 .comment       0x00000043       0x44 ./Middlewares/ST/STM32_USB_Device_Library/Core/Src/usbd_core.o
 .comment       0x00000043       0x44 ./Middlewares/ST/STM32_USB_Device_Library/Core/Src/usbd_ctlreq.o
 .comment       0x00000043       0x44 ./Middlewares/ST/STM32_USB_Device_Library/Core/Src/usbd_ioreq.o
 .comment       0x00000043       0x44 ./USB_DEVICE/App/usb_device.o
 .comment       0x00000043       0x44 ./USB_DEVICE/App/usbd_cdc_if.o
 .comment       0x00000043       0x44 ./USB_DEVICE/App/usbd_desc.o
 .comment       0x00000043       0x44 ./USB_DEVICE/Target/usbd_conf.o

.debug_frame    0x00000000     0x2a84
 .debug_frame   0x00000000       0x8c ./Core/Src/main.o
 .debug_frame   0x0000008c       0x34 ./Core/Src/stm32f4xx_hal_msp.o
 .debug_frame   0x000000c0      0x114 ./Core/Src/stm32f4xx_it.o
 .debug_frame   0x000001d4       0x50 ./Core/Src/system_stm32f4xx.o
 .debug_frame   0x00000224      0x31c ./Drivers/STM32F4xx_HAL_Driver/Src/stm32f4xx_hal.o
 .debug_frame   0x00000540      0x4b8 ./Drivers/STM32F4xx_HAL_Driver/Src/stm32f4xx_hal_cortex.o
 .debug_frame   0x000009f8      0x130 ./Drivers/STM32F4xx_HAL_Driver/Src/stm32f4xx_hal_gpio.o
 .debug_frame   0x00000b28      0x574 ./Drivers/STM32F4xx_HAL_Driver/Src/stm32f4xx_hal_pcd.o
 .debug_frame   0x0000109c       0xa0 ./Drivers/STM32F4xx_HAL_Driver/Src/stm32f4xx_hal_pcd_ex.o
 .debug_frame   0x0000113c      0x1d8 ./Drivers/STM32F4xx_HAL_Driver/Src/stm32f4xx_hal_rcc.o
 .debug_frame   0x00001314      0x724 ./Drivers/STM32F4xx_HAL_Driver/Src/stm32f4xx_ll_usb.o
 .debug_frame   0x00001a38      0x22c ./Middlewares/ST/STM32_USB_Device_Library/Class/CDC/Src/usbd_cdc.o
 .debug_frame   0x00001c64      0x370 ./Middlewares/ST/STM32_USB_Device_Library/Core/Src/usbd_core.o
 .debug_frame   0x00001fd4      0x234 ./Middlewares/ST/STM32_USB_Device_Library/Core/Src/usbd_ctlreq.o
 .debug_frame   0x00002208      0x10c ./Middlewares/ST/STM32_USB_Device_Library/Core/Src/usbd_ioreq.o
 .debug_frame   0x00002314       0x2c ./USB_DEVICE/App/usb_device.o
 .debug_frame   0x00002340       0xd8 ./USB_DEVICE/App/usbd_cdc_if.o
 .debug_frame   0x00002418      0x154 ./USB_DEVICE/App/usbd_desc.o
 .debug_frame   0x0000256c      0x46c ./USB_DEVICE/Target/usbd_conf.o
 .debug_frame   0x000029d8       0x20 C:/Program Files/STMicroelectronics/STM32Cube/STM32CubeIDE_2.1.1/STM32CubeIDE/plugins/com.st.stm32cube.ide.mcu.externaltools.gnu-tools-for-stm32.14.3.rel1.win32_1.0.100.202602081740/tools/bin/../lib/gcc/arm-none-eabi/14.3.1/../../../../arm-none-eabi/lib/thumb/v7e-m+fp/hard\libc_nano.a(libc_a-memset.o)
 .debug_frame   0x000029f8       0x2c C:/Program Files/STMicroelectronics/STM32Cube/STM32CubeIDE_2.1.1/STM32CubeIDE/plugins/com.st.stm32cube.ide.mcu.externaltools.gnu-tools-for-stm32.14.3.rel1.win32_1.0.100.202602081740/tools/bin/../lib/gcc/arm-none-eabi/14.3.1/../../../../arm-none-eabi/lib/thumb/v7e-m+fp/hard\libc_nano.a(libc_a-init.o)
 .debug_frame   0x00002a24       0x2c C:/Program Files/STMicroelectronics/STM32Cube/STM32CubeIDE_2.1.1/STM32CubeIDE/plugins/com.st.stm32cube.ide.mcu.externaltools.gnu-tools-for-stm32.14.3.rel1.win32_1.0.100.202602081740/tools/bin/../lib/gcc/arm-none-eabi/14.3.1/thumb/v7e-m+fp/hard\libgcc.a(_aeabi_uldivmod.o)
 .debug_frame   0x00002a50       0x34 C:/Program Files/STMicroelectronics/STM32Cube/STM32CubeIDE_2.1.1/STM32CubeIDE/plugins/com.st.stm32cube.ide.mcu.externaltools.gnu-tools-for-stm32.14.3.rel1.win32_1.0.100.202602081740/tools/bin/../lib/gcc/arm-none-eabi/14.3.1/thumb/v7e-m+fp/hard\libgcc.a(_udivmoddi4.o)

.debug_line_str
                0x00000000       0x67
 .debug_line_str
                0x00000000       0x67 ./Core/Startup/startup_stm32f401ccux.o
